Archive member included because of file (symbol)

/home/user/Desktop/Lcd_DisplaY/Lcd_DisplaY/SW-TM4C-2.1.2.111/driverlib/gcc/libdriver.a(gpio.o)
                              ./src/main.o (GPIOPinWrite)
/home/user/Desktop/Lcd_DisplaY/Lcd_DisplaY/SW-TM4C-2.1.2.111/driverlib/gcc/libdriver.a(interrupt.o)
                              /home/user/Desktop/Lcd_DisplaY/Lcd_DisplaY/SW-TM4C-2.1.2.111/driverlib/gcc/libdriver.a(gpio.o) (IntRegister)
/home/user/Desktop/Lcd_DisplaY/Lcd_DisplaY/SW-TM4C-2.1.2.111/driverlib/gcc/libdriver.a(sysctl.o)
                              ./SW-TM4C-2.1.2.111/utils/uartstdio.o (SysCtlPeripheralPresent)
/home/user/Desktop/Lcd_DisplaY/Lcd_DisplaY/SW-TM4C-2.1.2.111/driverlib/gcc/libdriver.a(uart.o)
                              ./SW-TM4C-2.1.2.111/utils/uartstdio.o (UARTEnable)
/home/user/Desktop/Lcd_DisplaY/Lcd_DisplaY/SW-TM4C-2.1.2.111/driverlib/gcc/libdriver.a(cpu.o)
                              /home/user/Desktop/Lcd_DisplaY/Lcd_DisplaY/SW-TM4C-2.1.2.111/driverlib/gcc/libdriver.a(interrupt.o) (CPUcpsid)
/usr/lib/gcc/arm-none-eabi/4.8.2/../../../arm-none-eabi/lib/armv7e-m/softfp/libg.a(lib_a-atexit.o)
                              /usr/lib/gcc/arm-none-eabi/4.8.2/../../../arm-none-eabi/lib/armv7e-m/softfp/crt0.o (atexit)
/usr/lib/gcc/arm-none-eabi/4.8.2/../../../arm-none-eabi/lib/armv7e-m/softfp/libg.a(lib_a-exit.o)
                              /usr/lib/gcc/arm-none-eabi/4.8.2/../../../arm-none-eabi/lib/armv7e-m/softfp/crt0.o (exit)
/usr/lib/gcc/arm-none-eabi/4.8.2/../../../arm-none-eabi/lib/armv7e-m/softfp/libg.a(lib_a-fini.o)
                              /usr/lib/gcc/arm-none-eabi/4.8.2/../../../arm-none-eabi/lib/armv7e-m/softfp/crt0.o (__libc_fini_array)
/usr/lib/gcc/arm-none-eabi/4.8.2/../../../arm-none-eabi/lib/armv7e-m/softfp/libg.a(lib_a-impure.o)
                              /usr/lib/gcc/arm-none-eabi/4.8.2/../../../arm-none-eabi/lib/armv7e-m/softfp/libg.a(lib_a-exit.o) (_global_impure_ptr)
/usr/lib/gcc/arm-none-eabi/4.8.2/../../../arm-none-eabi/lib/armv7e-m/softfp/libg.a(lib_a-init.o)
                              /usr/lib/gcc/arm-none-eabi/4.8.2/../../../arm-none-eabi/lib/armv7e-m/softfp/crt0.o (__libc_init_array)
/usr/lib/gcc/arm-none-eabi/4.8.2/../../../arm-none-eabi/lib/armv7e-m/softfp/libg.a(lib_a-memset.o)
                              /usr/lib/gcc/arm-none-eabi/4.8.2/../../../arm-none-eabi/lib/armv7e-m/softfp/crt0.o (memset)
/usr/lib/gcc/arm-none-eabi/4.8.2/../../../arm-none-eabi/lib/armv7e-m/softfp/libg.a(lib_a-__atexit.o)
                              /usr/lib/gcc/arm-none-eabi/4.8.2/../../../arm-none-eabi/lib/armv7e-m/softfp/libg.a(lib_a-atexit.o) (__register_exitproc)
/usr/lib/gcc/arm-none-eabi/4.8.2/../../../arm-none-eabi/lib/armv7e-m/softfp/libg.a(lib_a-__call_atexit.o)
                              /usr/lib/gcc/arm-none-eabi/4.8.2/../../../arm-none-eabi/lib/armv7e-m/softfp/libg.a(lib_a-exit.o) (__call_exitprocs)

Discarded input sections

 .text          0x00000000        0x0 /usr/lib/gcc/arm-none-eabi/4.8.2/armv7e-m/softfp/crti.o
 .data          0x00000000        0x0 /usr/lib/gcc/arm-none-eabi/4.8.2/armv7e-m/softfp/crti.o
 .bss           0x00000000        0x0 /usr/lib/gcc/arm-none-eabi/4.8.2/armv7e-m/softfp/crti.o
 .init          0x00000000        0x4 /usr/lib/gcc/arm-none-eabi/4.8.2/armv7e-m/softfp/crti.o
 .fini          0x00000000        0x4 /usr/lib/gcc/arm-none-eabi/4.8.2/armv7e-m/softfp/crti.o
 .ARM.attributes
                0x00000000       0x22 /usr/lib/gcc/arm-none-eabi/4.8.2/armv7e-m/softfp/crti.o
 .text          0x00000000       0xc8 /usr/lib/gcc/arm-none-eabi/4.8.2/armv7e-m/softfp/crtbegin.o
 .data          0x00000000        0x4 /usr/lib/gcc/arm-none-eabi/4.8.2/armv7e-m/softfp/crtbegin.o
 .bss           0x00000000       0x1c /usr/lib/gcc/arm-none-eabi/4.8.2/armv7e-m/softfp/crtbegin.o
 .init_array    0x00000000        0x4 /usr/lib/gcc/arm-none-eabi/4.8.2/armv7e-m/softfp/crtbegin.o
 .fini_array    0x00000000        0x4 /usr/lib/gcc/arm-none-eabi/4.8.2/armv7e-m/softfp/crtbegin.o
 .eh_frame      0x00000000        0x0 /usr/lib/gcc/arm-none-eabi/4.8.2/armv7e-m/softfp/crtbegin.o
 .jcr           0x00000000        0x0 /usr/lib/gcc/arm-none-eabi/4.8.2/armv7e-m/softfp/crtbegin.o
 .tm_clone_table
                0x00000000        0x0 /usr/lib/gcc/arm-none-eabi/4.8.2/armv7e-m/softfp/crtbegin.o
 .comment       0x00000000       0x20 /usr/lib/gcc/arm-none-eabi/4.8.2/armv7e-m/softfp/crtbegin.o
 .ARM.attributes
                0x00000000       0x32 /usr/lib/gcc/arm-none-eabi/4.8.2/armv7e-m/softfp/crtbegin.o
 .text          0x00000000       0x68 /usr/lib/gcc/arm-none-eabi/4.8.2/../../../arm-none-eabi/lib/armv7e-m/softfp/crt0.o
 .data          0x00000000        0x0 /usr/lib/gcc/arm-none-eabi/4.8.2/../../../arm-none-eabi/lib/armv7e-m/softfp/crt0.o
 .bss           0x00000000        0x0 /usr/lib/gcc/arm-none-eabi/4.8.2/../../../arm-none-eabi/lib/armv7e-m/softfp/crt0.o
 .ARM.extab     0x00000000        0x0 /usr/lib/gcc/arm-none-eabi/4.8.2/../../../arm-none-eabi/lib/armv7e-m/softfp/crt0.o
 .ARM.exidx     0x00000000        0x8 /usr/lib/gcc/arm-none-eabi/4.8.2/../../../arm-none-eabi/lib/armv7e-m/softfp/crt0.o
 .ARM.attributes
                0x00000000       0x20 /usr/lib/gcc/arm-none-eabi/4.8.2/../../../arm-none-eabi/lib/armv7e-m/softfp/crt0.o
 .debug_line    0x00000000       0x7e /usr/lib/gcc/arm-none-eabi/4.8.2/../../../arm-none-eabi/lib/armv7e-m/softfp/crt0.o
 .debug_info    0x00000000       0x98 /usr/lib/gcc/arm-none-eabi/4.8.2/../../../arm-none-eabi/lib/armv7e-m/softfp/crt0.o
 .debug_abbrev  0x00000000       0x14 /usr/lib/gcc/arm-none-eabi/4.8.2/../../../arm-none-eabi/lib/armv7e-m/softfp/crt0.o
 .debug_aranges
                0x00000000       0x20 /usr/lib/gcc/arm-none-eabi/4.8.2/../../../arm-none-eabi/lib/armv7e-m/softfp/crt0.o
 .group         0x00000000        0x8 ./src/main.o
 .group         0x00000000        0x8 ./src/main.o
 .group         0x00000000        0x8 ./src/main.o
 .group         0x00000000        0x8 ./src/main.o
 .group         0x00000000        0x8 ./src/main.o
 .group         0x00000000        0x8 ./src/main.o
 .group         0x00000000        0x8 ./src/main.o
 .group         0x00000000        0x8 ./src/main.o
 .group         0x00000000        0x8 ./src/main.o
 .group         0x00000000        0x8 ./src/main.o
 .group         0x00000000        0x8 ./src/main.o
 .group         0x00000000        0x8 ./src/main.o
 .group         0x00000000        0x8 ./src/main.o
 .group         0x00000000        0x8 ./src/main.o
 .group         0x00000000        0x8 ./src/main.o
 .group         0x00000000        0x8 ./src/main.o
 .group         0x00000000        0x8 ./src/main.o
 .group         0x00000000        0x8 ./src/main.o
 .group         0x00000000        0x8 ./src/main.o
 .group         0x00000000        0x8 ./src/main.o
 .group         0x00000000        0x8 ./src/main.o
 .group         0x00000000        0x8 ./src/main.o
 .group         0x00000000        0x8 ./src/main.o
 .group         0x00000000        0x8 ./src/main.o
 .group         0x00000000        0x8 ./src/main.o
 .group         0x00000000        0x8 ./src/main.o
 .group         0x00000000        0x8 ./src/main.o
 .group         0x00000000        0x8 ./src/main.o
 .group         0x00000000        0x8 ./src/main.o
 .group         0x00000000        0x8 ./src/main.o
 .group         0x00000000        0x8 ./src/main.o
 .group         0x00000000        0x8 ./src/main.o
 .group         0x00000000        0x8 ./src/main.o
 .group         0x00000000        0x8 ./src/main.o
 .group         0x00000000        0x8 ./src/main.o
 .group         0x00000000        0x8 ./src/main.o
 .group         0x00000000        0x8 ./src/main.o
 .text          0x00000000        0x0 ./src/main.o
 .data          0x00000000        0x0 ./src/main.o
 .bss           0x00000000        0x0 ./src/main.o
 .text.init_port_D
                0x00000000       0x7c ./src/main.o
 .group         0x00000000        0x8 ./src/startup_gcc.o
 .group         0x00000000        0x8 ./src/startup_gcc.o
 .group         0x00000000        0x8 ./src/startup_gcc.o
 .group         0x00000000        0x8 ./src/startup_gcc.o
 .group         0x00000000        0x8 ./src/startup_gcc.o
 .group         0x00000000        0x8 ./src/startup_gcc.o
 .text          0x00000000        0x0 ./src/startup_gcc.o
 .data          0x00000000        0x0 ./src/startup_gcc.o
 .bss           0x00000000        0x0 ./src/startup_gcc.o
 .debug_macro   0x00000000      0x856 ./src/startup_gcc.o
 .debug_macro   0x00000000       0x16 ./src/startup_gcc.o
 .debug_macro   0x00000000       0x67 ./src/startup_gcc.o
 .group         0x00000000        0x8 ./SW-TM4C-2.1.2.111/utils/uartstdio.o
 .group         0x00000000        0x8 ./SW-TM4C-2.1.2.111/utils/uartstdio.o
 .group         0x00000000        0x8 ./SW-TM4C-2.1.2.111/utils/uartstdio.o
 .group         0x00000000        0x8 ./SW-TM4C-2.1.2.111/utils/uartstdio.o
 .group         0x00000000        0x8 ./SW-TM4C-2.1.2.111/utils/uartstdio.o
 .group         0x00000000        0x8 ./SW-TM4C-2.1.2.111/utils/uartstdio.o
 .group         0x00000000        0x8 ./SW-TM4C-2.1.2.111/utils/uartstdio.o
 .group         0x00000000        0x8 ./SW-TM4C-2.1.2.111/utils/uartstdio.o
 .group         0x00000000        0x8 ./SW-TM4C-2.1.2.111/utils/uartstdio.o
 .group         0x00000000        0x8 ./SW-TM4C-2.1.2.111/utils/uartstdio.o
 .group         0x00000000        0x8 ./SW-TM4C-2.1.2.111/utils/uartstdio.o
 .group         0x00000000        0x8 ./SW-TM4C-2.1.2.111/utils/uartstdio.o
 .group         0x00000000        0x8 ./SW-TM4C-2.1.2.111/utils/uartstdio.o
 .group         0x00000000        0x8 ./SW-TM4C-2.1.2.111/utils/uartstdio.o
 .group         0x00000000        0x8 ./SW-TM4C-2.1.2.111/utils/uartstdio.o
 .group         0x00000000        0x8 ./SW-TM4C-2.1.2.111/utils/uartstdio.o
 .text          0x00000000        0x0 ./SW-TM4C-2.1.2.111/utils/uartstdio.o
 .data          0x00000000        0x0 ./SW-TM4C-2.1.2.111/utils/uartstdio.o
 .bss           0x00000000        0x0 ./SW-TM4C-2.1.2.111/utils/uartstdio.o
 .bss.g_ui32Base
                0x00000000        0x4 ./SW-TM4C-2.1.2.111/utils/uartstdio.o
 .rodata        0x00000000       0x28 ./SW-TM4C-2.1.2.111/utils/uartstdio.o
 .rodata.g_pcHex
                0x00000000        0x4 ./SW-TM4C-2.1.2.111/utils/uartstdio.o
 .rodata.g_ui32UARTBase
                0x00000000        0xc ./SW-TM4C-2.1.2.111/utils/uartstdio.o
 .rodata.g_ui32UARTPeriph
                0x00000000        0xc ./SW-TM4C-2.1.2.111/utils/uartstdio.o
 .text.UARTStdioConfig
                0x00000000       0x88 ./SW-TM4C-2.1.2.111/utils/uartstdio.o
 .text.UARTwrite
                0x00000000       0x64 ./SW-TM4C-2.1.2.111/utils/uartstdio.o
 .text.UARTgets
                0x00000000       0xf4 ./SW-TM4C-2.1.2.111/utils/uartstdio.o
 .text.UARTgetc
                0x00000000       0x1c ./SW-TM4C-2.1.2.111/utils/uartstdio.o
 .text.UARTvprintf
                0x00000000      0x3fc ./SW-TM4C-2.1.2.111/utils/uartstdio.o
 .text.UARTprintf
                0x00000000       0x24 ./SW-TM4C-2.1.2.111/utils/uartstdio.o
 .bss.bLastWasCR.4433
                0x00000000        0x1 ./SW-TM4C-2.1.2.111/utils/uartstdio.o
 .debug_info    0x00000000      0x38a ./SW-TM4C-2.1.2.111/utils/uartstdio.o
 .debug_abbrev  0x00000000      0x10e ./SW-TM4C-2.1.2.111/utils/uartstdio.o
 .debug_aranges
                0x00000000       0x48 ./SW-TM4C-2.1.2.111/utils/uartstdio.o
 .debug_ranges  0x00000000       0x38 ./SW-TM4C-2.1.2.111/utils/uartstdio.o
 .debug_macro   0x00000000       0xb8 ./SW-TM4C-2.1.2.111/utils/uartstdio.o
 .debug_macro   0x00000000      0x856 ./SW-TM4C-2.1.2.111/utils/uartstdio.o
 .debug_macro   0x00000000       0x22 ./SW-TM4C-2.1.2.111/utils/uartstdio.o
 .debug_macro   0x00000000       0x16 ./SW-TM4C-2.1.2.111/utils/uartstdio.o
 .debug_macro   0x00000000       0x44 ./SW-TM4C-2.1.2.111/utils/uartstdio.o
 .debug_macro   0x00000000      0x209 ./SW-TM4C-2.1.2.111/utils/uartstdio.o
 .debug_macro   0x00000000       0x58 ./SW-TM4C-2.1.2.111/utils/uartstdio.o
 .debug_macro   0x00000000      0x946 ./SW-TM4C-2.1.2.111/utils/uartstdio.o
 .debug_macro   0x00000000      0x25e ./SW-TM4C-2.1.2.111/utils/uartstdio.o
 .debug_macro   0x00000000       0x67 ./SW-TM4C-2.1.2.111/utils/uartstdio.o
 .debug_macro   0x00000000      0x42a ./SW-TM4C-2.1.2.111/utils/uartstdio.o
 .debug_macro   0x00000000       0x10 ./SW-TM4C-2.1.2.111/utils/uartstdio.o
 .debug_macro   0x00000000       0x10 ./SW-TM4C-2.1.2.111/utils/uartstdio.o
 .debug_macro   0x00000000       0xdc ./SW-TM4C-2.1.2.111/utils/uartstdio.o
 .debug_macro   0x00000000     0x1816 ./SW-TM4C-2.1.2.111/utils/uartstdio.o
 .debug_macro   0x00000000      0xa8a ./SW-TM4C-2.1.2.111/utils/uartstdio.o
 .debug_macro   0x00000000      0x17a ./SW-TM4C-2.1.2.111/utils/uartstdio.o
 .debug_line    0x00000000      0x434 ./SW-TM4C-2.1.2.111/utils/uartstdio.o
 .debug_str     0x00000000    0x14461 ./SW-TM4C-2.1.2.111/utils/uartstdio.o
 .comment       0x00000000       0x20 ./SW-TM4C-2.1.2.111/utils/uartstdio.o
 .ARM.attributes
                0x00000000       0x37 ./SW-TM4C-2.1.2.111/utils/uartstdio.o
 .debug_frame   0x00000000       0xd4 ./SW-TM4C-2.1.2.111/utils/uartstdio.o
 .text          0x00000000        0x0 /home/user/Desktop/Lcd_DisplaY/Lcd_DisplaY/SW-TM4C-2.1.2.111/driverlib/gcc/libdriver.a(gpio.o)
 .data          0x00000000        0x0 /home/user/Desktop/Lcd_DisplaY/Lcd_DisplaY/SW-TM4C-2.1.2.111/driverlib/gcc/libdriver.a(gpio.o)
 .bss           0x00000000        0x0 /home/user/Desktop/Lcd_DisplaY/Lcd_DisplaY/SW-TM4C-2.1.2.111/driverlib/gcc/libdriver.a(gpio.o)
 .text._GPIOIntNumberGet
                0x00000000       0x48 /home/user/Desktop/Lcd_DisplaY/Lcd_DisplaY/SW-TM4C-2.1.2.111/driverlib/gcc/libdriver.a(gpio.o)
 .text.GPIODirModeGet
                0x00000000       0x24 /home/user/Desktop/Lcd_DisplaY/Lcd_DisplaY/SW-TM4C-2.1.2.111/driverlib/gcc/libdriver.a(gpio.o)
 .text.GPIOIntTypeSet
                0x00000000       0x62 /home/user/Desktop/Lcd_DisplaY/Lcd_DisplaY/SW-TM4C-2.1.2.111/driverlib/gcc/libdriver.a(gpio.o)
 .text.GPIOIntTypeGet
                0x00000000       0x42 /home/user/Desktop/Lcd_DisplaY/Lcd_DisplaY/SW-TM4C-2.1.2.111/driverlib/gcc/libdriver.a(gpio.o)
 .text.GPIOPadConfigGet
                0x00000000       0xbc /home/user/Desktop/Lcd_DisplaY/Lcd_DisplaY/SW-TM4C-2.1.2.111/driverlib/gcc/libdriver.a(gpio.o)
 .text.GPIOIntEnable
                0x00000000        0xc /home/user/Desktop/Lcd_DisplaY/Lcd_DisplaY/SW-TM4C-2.1.2.111/driverlib/gcc/libdriver.a(gpio.o)
 .text.GPIOIntDisable
                0x00000000        0xe /home/user/Desktop/Lcd_DisplaY/Lcd_DisplaY/SW-TM4C-2.1.2.111/driverlib/gcc/libdriver.a(gpio.o)
 .text.GPIOIntStatus
                0x00000000        0xe /home/user/Desktop/Lcd_DisplaY/Lcd_DisplaY/SW-TM4C-2.1.2.111/driverlib/gcc/libdriver.a(gpio.o)
 .text.GPIOIntClear
                0x00000000        0x6 /home/user/Desktop/Lcd_DisplaY/Lcd_DisplaY/SW-TM4C-2.1.2.111/driverlib/gcc/libdriver.a(gpio.o)
 .text.GPIOIntRegister
                0x00000000       0x1a /home/user/Desktop/Lcd_DisplaY/Lcd_DisplaY/SW-TM4C-2.1.2.111/driverlib/gcc/libdriver.a(gpio.o)
 .text.GPIOIntUnregister
                0x00000000       0x16 /home/user/Desktop/Lcd_DisplaY/Lcd_DisplaY/SW-TM4C-2.1.2.111/driverlib/gcc/libdriver.a(gpio.o)
 .text.GPIOPinRead
                0x00000000        0x6 /home/user/Desktop/Lcd_DisplaY/Lcd_DisplaY/SW-TM4C-2.1.2.111/driverlib/gcc/libdriver.a(gpio.o)
 .text.GPIOPinTypeADC
                0x00000000       0x1c /home/user/Desktop/Lcd_DisplaY/Lcd_DisplaY/SW-TM4C-2.1.2.111/driverlib/gcc/libdriver.a(gpio.o)
 .text.GPIOPinTypeCAN
                0x00000000       0x1c /home/user/Desktop/Lcd_DisplaY/Lcd_DisplaY/SW-TM4C-2.1.2.111/driverlib/gcc/libdriver.a(gpio.o)
 .text.GPIOPinTypeComparator
                0x00000000       0x1c /home/user/Desktop/Lcd_DisplaY/Lcd_DisplaY/SW-TM4C-2.1.2.111/driverlib/gcc/libdriver.a(gpio.o)
 .text.GPIOPinTypeComparatorOutput
                0x00000000       0x1c /home/user/Desktop/Lcd_DisplaY/Lcd_DisplaY/SW-TM4C-2.1.2.111/driverlib/gcc/libdriver.a(gpio.o)
 .text.GPIOPinTypeDIVSCLK
                0x00000000       0x1c /home/user/Desktop/Lcd_DisplaY/Lcd_DisplaY/SW-TM4C-2.1.2.111/driverlib/gcc/libdriver.a(gpio.o)
 .text.GPIOPinTypeEPI
                0x00000000       0x1c /home/user/Desktop/Lcd_DisplaY/Lcd_DisplaY/SW-TM4C-2.1.2.111/driverlib/gcc/libdriver.a(gpio.o)
 .text.GPIOPinTypeEthernetLED
                0x00000000       0x1c /home/user/Desktop/Lcd_DisplaY/Lcd_DisplaY/SW-TM4C-2.1.2.111/driverlib/gcc/libdriver.a(gpio.o)
 .text.GPIOPinTypeEthernetMII
                0x00000000       0x1c /home/user/Desktop/Lcd_DisplaY/Lcd_DisplaY/SW-TM4C-2.1.2.111/driverlib/gcc/libdriver.a(gpio.o)
 .text.GPIOPinTypeGPIOInput
                0x00000000       0x1c /home/user/Desktop/Lcd_DisplaY/Lcd_DisplaY/SW-TM4C-2.1.2.111/driverlib/gcc/libdriver.a(gpio.o)
 .text.GPIOPinTypeGPIOOutputOD
                0x00000000       0x1c /home/user/Desktop/Lcd_DisplaY/Lcd_DisplaY/SW-TM4C-2.1.2.111/driverlib/gcc/libdriver.a(gpio.o)
 .text.GPIOPinTypeHibernateRTCCLK
                0x00000000       0x1c /home/user/Desktop/Lcd_DisplaY/Lcd_DisplaY/SW-TM4C-2.1.2.111/driverlib/gcc/libdriver.a(gpio.o)
 .text.GPIOPinTypeI2C
                0x00000000       0x1c /home/user/Desktop/Lcd_DisplaY/Lcd_DisplaY/SW-TM4C-2.1.2.111/driverlib/gcc/libdriver.a(gpio.o)
 .text.GPIOPinTypeI2CSCL
                0x00000000       0x1c /home/user/Desktop/Lcd_DisplaY/Lcd_DisplaY/SW-TM4C-2.1.2.111/driverlib/gcc/libdriver.a(gpio.o)
 .text.GPIOPinTypeLCD
                0x00000000       0x1c /home/user/Desktop/Lcd_DisplaY/Lcd_DisplaY/SW-TM4C-2.1.2.111/driverlib/gcc/libdriver.a(gpio.o)
 .text.GPIOPinTypeOneWire
                0x00000000       0x1c /home/user/Desktop/Lcd_DisplaY/Lcd_DisplaY/SW-TM4C-2.1.2.111/driverlib/gcc/libdriver.a(gpio.o)
 .text.GPIOPinTypePWM
                0x00000000       0x1c /home/user/Desktop/Lcd_DisplaY/Lcd_DisplaY/SW-TM4C-2.1.2.111/driverlib/gcc/libdriver.a(gpio.o)
 .text.GPIOPinTypeQEI
                0x00000000       0x1c /home/user/Desktop/Lcd_DisplaY/Lcd_DisplaY/SW-TM4C-2.1.2.111/driverlib/gcc/libdriver.a(gpio.o)
 .text.GPIOPinTypeSSI
                0x00000000       0x1c /home/user/Desktop/Lcd_DisplaY/Lcd_DisplaY/SW-TM4C-2.1.2.111/driverlib/gcc/libdriver.a(gpio.o)
 .text.GPIOPinTypeTimer
                0x00000000       0x1c /home/user/Desktop/Lcd_DisplaY/Lcd_DisplaY/SW-TM4C-2.1.2.111/driverlib/gcc/libdriver.a(gpio.o)
 .text.GPIOPinTypeTrace
                0x00000000       0x1c /home/user/Desktop/Lcd_DisplaY/Lcd_DisplaY/SW-TM4C-2.1.2.111/driverlib/gcc/libdriver.a(gpio.o)
 .text.GPIOPinTypeUART
                0x00000000       0x1c /home/user/Desktop/Lcd_DisplaY/Lcd_DisplaY/SW-TM4C-2.1.2.111/driverlib/gcc/libdriver.a(gpio.o)
 .text.GPIOPinTypeUSBAnalog
                0x00000000       0x1c /home/user/Desktop/Lcd_DisplaY/Lcd_DisplaY/SW-TM4C-2.1.2.111/driverlib/gcc/libdriver.a(gpio.o)
 .text.GPIOPinTypeUSBDigital
                0x00000000       0x1c /home/user/Desktop/Lcd_DisplaY/Lcd_DisplaY/SW-TM4C-2.1.2.111/driverlib/gcc/libdriver.a(gpio.o)
 .text.GPIOPinTypeWakeHigh
                0x00000000       0x1e /home/user/Desktop/Lcd_DisplaY/Lcd_DisplaY/SW-TM4C-2.1.2.111/driverlib/gcc/libdriver.a(gpio.o)
 .text.GPIOPinTypeWakeLow
                0x00000000       0x1e /home/user/Desktop/Lcd_DisplaY/Lcd_DisplaY/SW-TM4C-2.1.2.111/driverlib/gcc/libdriver.a(gpio.o)
 .text.GPIOPinWakeStatus
                0x00000000        0x6 /home/user/Desktop/Lcd_DisplaY/Lcd_DisplaY/SW-TM4C-2.1.2.111/driverlib/gcc/libdriver.a(gpio.o)
 .text.GPIOPinConfigure
                0x00000000       0x4c /home/user/Desktop/Lcd_DisplaY/Lcd_DisplaY/SW-TM4C-2.1.2.111/driverlib/gcc/libdriver.a(gpio.o)
 .text.GPIODMATriggerEnable
                0x00000000        0xc /home/user/Desktop/Lcd_DisplaY/Lcd_DisplaY/SW-TM4C-2.1.2.111/driverlib/gcc/libdriver.a(gpio.o)
 .text.GPIODMATriggerDisable
                0x00000000        0xe /home/user/Desktop/Lcd_DisplaY/Lcd_DisplaY/SW-TM4C-2.1.2.111/driverlib/gcc/libdriver.a(gpio.o)
 .text.GPIOADCTriggerEnable
                0x00000000        0xc /home/user/Desktop/Lcd_DisplaY/Lcd_DisplaY/SW-TM4C-2.1.2.111/driverlib/gcc/libdriver.a(gpio.o)
 .text.GPIOADCTriggerDisable
                0x00000000        0xe /home/user/Desktop/Lcd_DisplaY/Lcd_DisplaY/SW-TM4C-2.1.2.111/driverlib/gcc/libdriver.a(gpio.o)
 .rodata.g_ppui32GPIOIntMapSnowflake
                0x00000000       0xc0 /home/user/Desktop/Lcd_DisplaY/Lcd_DisplaY/SW-TM4C-2.1.2.111/driverlib/gcc/libdriver.a(gpio.o)
 .rodata.g_pui32GPIOBaseAddrs
                0x00000000       0x90 /home/user/Desktop/Lcd_DisplaY/Lcd_DisplaY/SW-TM4C-2.1.2.111/driverlib/gcc/libdriver.a(gpio.o)
 .rodata.g_ppui32GPIOIntMapBlizzard
                0x00000000       0xc0 /home/user/Desktop/Lcd_DisplaY/Lcd_DisplaY/SW-TM4C-2.1.2.111/driverlib/gcc/libdriver.a(gpio.o)
 .text          0x00000000        0x0 /home/user/Desktop/Lcd_DisplaY/Lcd_DisplaY/SW-TM4C-2.1.2.111/driverlib/gcc/libdriver.a(interrupt.o)
 .data          0x00000000        0x0 /home/user/Desktop/Lcd_DisplaY/Lcd_DisplaY/SW-TM4C-2.1.2.111/driverlib/gcc/libdriver.a(interrupt.o)
 .bss           0x00000000        0x0 /home/user/Desktop/Lcd_DisplaY/Lcd_DisplaY/SW-TM4C-2.1.2.111/driverlib/gcc/libdriver.a(interrupt.o)
 .text._IntDefaultHandler
                0x00000000        0x2 /home/user/Desktop/Lcd_DisplaY/Lcd_DisplaY/SW-TM4C-2.1.2.111/driverlib/gcc/libdriver.a(interrupt.o)
 .text.IntMasterEnable
                0x00000000        0xe /home/user/Desktop/Lcd_DisplaY/Lcd_DisplaY/SW-TM4C-2.1.2.111/driverlib/gcc/libdriver.a(interrupt.o)
 .text.IntMasterDisable
                0x00000000        0xe /home/user/Desktop/Lcd_DisplaY/Lcd_DisplaY/SW-TM4C-2.1.2.111/driverlib/gcc/libdriver.a(interrupt.o)
 .text.IntRegister
                0x00000000       0x30 /home/user/Desktop/Lcd_DisplaY/Lcd_DisplaY/SW-TM4C-2.1.2.111/driverlib/gcc/libdriver.a(interrupt.o)
 .text.IntUnregister
                0x00000000       0x14 /home/user/Desktop/Lcd_DisplaY/Lcd_DisplaY/SW-TM4C-2.1.2.111/driverlib/gcc/libdriver.a(interrupt.o)
 .text.IntPriorityGroupingSet
                0x00000000       0x1c /home/user/Desktop/Lcd_DisplaY/Lcd_DisplaY/SW-TM4C-2.1.2.111/driverlib/gcc/libdriver.a(interrupt.o)
 .text.IntPriorityGroupingGet
                0x00000000       0x24 /home/user/Desktop/Lcd_DisplaY/Lcd_DisplaY/SW-TM4C-2.1.2.111/driverlib/gcc/libdriver.a(interrupt.o)
 .text.IntPrioritySet
                0x00000000       0x28 /home/user/Desktop/Lcd_DisplaY/Lcd_DisplaY/SW-TM4C-2.1.2.111/driverlib/gcc/libdriver.a(interrupt.o)
 .text.IntPriorityGet
                0x00000000       0x1c /home/user/Desktop/Lcd_DisplaY/Lcd_DisplaY/SW-TM4C-2.1.2.111/driverlib/gcc/libdriver.a(interrupt.o)
 .text.IntEnable
                0x00000000       0x60 /home/user/Desktop/Lcd_DisplaY/Lcd_DisplaY/SW-TM4C-2.1.2.111/driverlib/gcc/libdriver.a(interrupt.o)
 .text.IntDisable
                0x00000000       0x60 /home/user/Desktop/Lcd_DisplaY/Lcd_DisplaY/SW-TM4C-2.1.2.111/driverlib/gcc/libdriver.a(interrupt.o)
 .text.IntIsEnabled
                0x00000000       0x64 /home/user/Desktop/Lcd_DisplaY/Lcd_DisplaY/SW-TM4C-2.1.2.111/driverlib/gcc/libdriver.a(interrupt.o)
 .text.IntPendSet
                0x00000000       0x50 /home/user/Desktop/Lcd_DisplaY/Lcd_DisplaY/SW-TM4C-2.1.2.111/driverlib/gcc/libdriver.a(interrupt.o)
 .text.IntPendClear
                0x00000000       0x40 /home/user/Desktop/Lcd_DisplaY/Lcd_DisplaY/SW-TM4C-2.1.2.111/driverlib/gcc/libdriver.a(interrupt.o)
 .text.IntPriorityMaskSet
                0x00000000        0x4 /home/user/Desktop/Lcd_DisplaY/Lcd_DisplaY/SW-TM4C-2.1.2.111/driverlib/gcc/libdriver.a(interrupt.o)
 .text.IntPriorityMaskGet
                0x00000000        0x4 /home/user/Desktop/Lcd_DisplaY/Lcd_DisplaY/SW-TM4C-2.1.2.111/driverlib/gcc/libdriver.a(interrupt.o)
 .text.IntTrigger
                0x00000000        0xc /home/user/Desktop/Lcd_DisplaY/Lcd_DisplaY/SW-TM4C-2.1.2.111/driverlib/gcc/libdriver.a(interrupt.o)
 .rodata.g_pui32Priority
                0x00000000       0x20 /home/user/Desktop/Lcd_DisplaY/Lcd_DisplaY/SW-TM4C-2.1.2.111/driverlib/gcc/libdriver.a(interrupt.o)
 .rodata.g_pui32Dii16Regs
                0x00000000       0x14 /home/user/Desktop/Lcd_DisplaY/Lcd_DisplaY/SW-TM4C-2.1.2.111/driverlib/gcc/libdriver.a(interrupt.o)
 .rodata.g_pui32PendRegs
                0x00000000       0x14 /home/user/Desktop/Lcd_DisplaY/Lcd_DisplaY/SW-TM4C-2.1.2.111/driverlib/gcc/libdriver.a(interrupt.o)
 vtable         0x00000000      0x400 /home/user/Desktop/Lcd_DisplaY/Lcd_DisplaY/SW-TM4C-2.1.2.111/driverlib/gcc/libdriver.a(interrupt.o)
 .rodata.g_pui32Regs
                0x00000000       0x9c /home/user/Desktop/Lcd_DisplaY/Lcd_DisplaY/SW-TM4C-2.1.2.111/driverlib/gcc/libdriver.a(interrupt.o)
 .rodata.g_pui32EnRegs
                0x00000000       0x14 /home/user/Desktop/Lcd_DisplaY/Lcd_DisplaY/SW-TM4C-2.1.2.111/driverlib/gcc/libdriver.a(interrupt.o)
 .rodata.g_pui32UnpendRegs
                0x00000000       0x14 /home/user/Desktop/Lcd_DisplaY/Lcd_DisplaY/SW-TM4C-2.1.2.111/driverlib/gcc/libdriver.a(interrupt.o)
 .comment       0x00000000       0x2c /home/user/Desktop/Lcd_DisplaY/Lcd_DisplaY/SW-TM4C-2.1.2.111/driverlib/gcc/libdriver.a(interrupt.o)
 .ARM.attributes
                0x00000000       0x37 /home/user/Desktop/Lcd_DisplaY/Lcd_DisplaY/SW-TM4C-2.1.2.111/driverlib/gcc/libdriver.a(interrupt.o)
 .text          0x00000000        0x0 /home/user/Desktop/Lcd_DisplaY/Lcd_DisplaY/SW-TM4C-2.1.2.111/driverlib/gcc/libdriver.a(sysctl.o)
 .data          0x00000000        0x0 /home/user/Desktop/Lcd_DisplaY/Lcd_DisplaY/SW-TM4C-2.1.2.111/driverlib/gcc/libdriver.a(sysctl.o)
 .bss           0x00000000        0x0 /home/user/Desktop/Lcd_DisplaY/Lcd_DisplaY/SW-TM4C-2.1.2.111/driverlib/gcc/libdriver.a(sysctl.o)
 .text._SysCtlMemTimingGet
                0x00000000       0x24 /home/user/Desktop/Lcd_DisplaY/Lcd_DisplaY/SW-TM4C-2.1.2.111/driverlib/gcc/libdriver.a(sysctl.o)
 .text.SysCtlSRAMSizeGet
                0x00000000       0x10 /home/user/Desktop/Lcd_DisplaY/Lcd_DisplaY/SW-TM4C-2.1.2.111/driverlib/gcc/libdriver.a(sysctl.o)
 .text.SysCtlFlashSizeGet
                0x00000000       0x40 /home/user/Desktop/Lcd_DisplaY/Lcd_DisplaY/SW-TM4C-2.1.2.111/driverlib/gcc/libdriver.a(sysctl.o)
 .text.SysCtlFlashSectorSizeGet
                0x00000000       0x3c /home/user/Desktop/Lcd_DisplaY/Lcd_DisplaY/SW-TM4C-2.1.2.111/driverlib/gcc/libdriver.a(sysctl.o)
 .text.SysCtlPeripheralPresent
                0x00000000       0x34 /home/user/Desktop/Lcd_DisplaY/Lcd_DisplaY/SW-TM4C-2.1.2.111/driverlib/gcc/libdriver.a(sysctl.o)
 .text.SysCtlPeripheralReady
                0x00000000       0x34 /home/user/Desktop/Lcd_DisplaY/Lcd_DisplaY/SW-TM4C-2.1.2.111/driverlib/gcc/libdriver.a(sysctl.o)
 .text.SysCtlPeripheralPowerOn
                0x00000000       0x30 /home/user/Desktop/Lcd_DisplaY/Lcd_DisplaY/SW-TM4C-2.1.2.111/driverlib/gcc/libdriver.a(sysctl.o)
 .text.SysCtlPeripheralPowerOff
                0x00000000       0x30 /home/user/Desktop/Lcd_DisplaY/Lcd_DisplaY/SW-TM4C-2.1.2.111/driverlib/gcc/libdriver.a(sysctl.o)
 .text.SysCtlPeripheralReset
                0x00000000       0x48 /home/user/Desktop/Lcd_DisplaY/Lcd_DisplaY/SW-TM4C-2.1.2.111/driverlib/gcc/libdriver.a(sysctl.o)
 .text.SysCtlPeripheralDisable
                0x00000000       0x30 /home/user/Desktop/Lcd_DisplaY/Lcd_DisplaY/SW-TM4C-2.1.2.111/driverlib/gcc/libdriver.a(sysctl.o)
 .text.SysCtlPeripheralSleepEnable
                0x00000000       0x30 /home/user/Desktop/Lcd_DisplaY/Lcd_DisplaY/SW-TM4C-2.1.2.111/driverlib/gcc/libdriver.a(sysctl.o)
 .text.SysCtlPeripheralSleepDisable
                0x00000000       0x30 /home/user/Desktop/Lcd_DisplaY/Lcd_DisplaY/SW-TM4C-2.1.2.111/driverlib/gcc/libdriver.a(sysctl.o)
 .text.SysCtlPeripheralDeepSleepEnable
                0x00000000       0x30 /home/user/Desktop/Lcd_DisplaY/Lcd_DisplaY/SW-TM4C-2.1.2.111/driverlib/gcc/libdriver.a(sysctl.o)
 .text.SysCtlPeripheralDeepSleepDisable
                0x00000000       0x30 /home/user/Desktop/Lcd_DisplaY/Lcd_DisplaY/SW-TM4C-2.1.2.111/driverlib/gcc/libdriver.a(sysctl.o)
 .text.SysCtlPeripheralClockGating
                0x00000000       0x50 /home/user/Desktop/Lcd_DisplaY/Lcd_DisplaY/SW-TM4C-2.1.2.111/driverlib/gcc/libdriver.a(sysctl.o)
 .text.SysCtlIntRegister
                0x00000000       0x14 /home/user/Desktop/Lcd_DisplaY/Lcd_DisplaY/SW-TM4C-2.1.2.111/driverlib/gcc/libdriver.a(sysctl.o)
 .text.SysCtlIntUnregister
                0x00000000       0x12 /home/user/Desktop/Lcd_DisplaY/Lcd_DisplaY/SW-TM4C-2.1.2.111/driverlib/gcc/libdriver.a(sysctl.o)
 .text.SysCtlIntEnable
                0x00000000       0x10 /home/user/Desktop/Lcd_DisplaY/Lcd_DisplaY/SW-TM4C-2.1.2.111/driverlib/gcc/libdriver.a(sysctl.o)
 .text.SysCtlIntDisable
                0x00000000       0x10 /home/user/Desktop/Lcd_DisplaY/Lcd_DisplaY/SW-TM4C-2.1.2.111/driverlib/gcc/libdriver.a(sysctl.o)
 .text.SysCtlIntClear
                0x00000000        0xc /home/user/Desktop/Lcd_DisplaY/Lcd_DisplaY/SW-TM4C-2.1.2.111/driverlib/gcc/libdriver.a(sysctl.o)
 .text.SysCtlIntStatus
                0x00000000       0x18 /home/user/Desktop/Lcd_DisplaY/Lcd_DisplaY/SW-TM4C-2.1.2.111/driverlib/gcc/libdriver.a(sysctl.o)
 .text.SysCtlLDOSleepSet
                0x00000000        0xc /home/user/Desktop/Lcd_DisplaY/Lcd_DisplaY/SW-TM4C-2.1.2.111/driverlib/gcc/libdriver.a(sysctl.o)
 .text.SysCtlLDOSleepGet
                0x00000000        0xc /home/user/Desktop/Lcd_DisplaY/Lcd_DisplaY/SW-TM4C-2.1.2.111/driverlib/gcc/libdriver.a(sysctl.o)
 .text.SysCtlLDODeepSleepSet
                0x00000000        0xc /home/user/Desktop/Lcd_DisplaY/Lcd_DisplaY/SW-TM4C-2.1.2.111/driverlib/gcc/libdriver.a(sysctl.o)
 .text.SysCtlLDODeepSleepGet
                0x00000000        0xc /home/user/Desktop/Lcd_DisplaY/Lcd_DisplaY/SW-TM4C-2.1.2.111/driverlib/gcc/libdriver.a(sysctl.o)
 .text.SysCtlSleepPowerSet
                0x00000000        0xc /home/user/Desktop/Lcd_DisplaY/Lcd_DisplaY/SW-TM4C-2.1.2.111/driverlib/gcc/libdriver.a(sysctl.o)
 .text.SysCtlDeepSleepPowerSet
                0x00000000        0xc /home/user/Desktop/Lcd_DisplaY/Lcd_DisplaY/SW-TM4C-2.1.2.111/driverlib/gcc/libdriver.a(sysctl.o)
 .text.SysCtlReset
                0x00000000       0x10 /home/user/Desktop/Lcd_DisplaY/Lcd_DisplaY/SW-TM4C-2.1.2.111/driverlib/gcc/libdriver.a(sysctl.o)
 .text.SysCtlSleep
                0x00000000        0x4 /home/user/Desktop/Lcd_DisplaY/Lcd_DisplaY/SW-TM4C-2.1.2.111/driverlib/gcc/libdriver.a(sysctl.o)
 .text.SysCtlDeepSleep
                0x00000000       0x20 /home/user/Desktop/Lcd_DisplaY/Lcd_DisplaY/SW-TM4C-2.1.2.111/driverlib/gcc/libdriver.a(sysctl.o)
 .text.SysCtlResetCauseGet
                0x00000000        0xc /home/user/Desktop/Lcd_DisplaY/Lcd_DisplaY/SW-TM4C-2.1.2.111/driverlib/gcc/libdriver.a(sysctl.o)
 .text.SysCtlResetCauseClear
                0x00000000       0x10 /home/user/Desktop/Lcd_DisplaY/Lcd_DisplaY/SW-TM4C-2.1.2.111/driverlib/gcc/libdriver.a(sysctl.o)
 .text.SysCtlMOSCConfigSet
                0x00000000        0xc /home/user/Desktop/Lcd_DisplaY/Lcd_DisplaY/SW-TM4C-2.1.2.111/driverlib/gcc/libdriver.a(sysctl.o)
 .text.SysCtlPIOSCCalibrate
                0x00000000       0x54 /home/user/Desktop/Lcd_DisplaY/Lcd_DisplaY/SW-TM4C-2.1.2.111/driverlib/gcc/libdriver.a(sysctl.o)
 .text.SysCtlResetBehaviorSet
                0x00000000        0xc /home/user/Desktop/Lcd_DisplaY/Lcd_DisplaY/SW-TM4C-2.1.2.111/driverlib/gcc/libdriver.a(sysctl.o)
 .text.SysCtlResetBehaviorGet
                0x00000000        0xc /home/user/Desktop/Lcd_DisplaY/Lcd_DisplaY/SW-TM4C-2.1.2.111/driverlib/gcc/libdriver.a(sysctl.o)
 .text.SysCtlClockFreqSet
                0x00000000      0x264 /home/user/Desktop/Lcd_DisplaY/Lcd_DisplaY/SW-TM4C-2.1.2.111/driverlib/gcc/libdriver.a(sysctl.o)
 .text.SysCtlClockGet
                0x00000000      0x14c /home/user/Desktop/Lcd_DisplaY/Lcd_DisplaY/SW-TM4C-2.1.2.111/driverlib/gcc/libdriver.a(sysctl.o)
 .text.SysCtlDeepSleepClockSet
                0x00000000        0xc /home/user/Desktop/Lcd_DisplaY/Lcd_DisplaY/SW-TM4C-2.1.2.111/driverlib/gcc/libdriver.a(sysctl.o)
 .text.SysCtlDeepSleepClockConfigSet
                0x00000000       0x68 /home/user/Desktop/Lcd_DisplaY/Lcd_DisplaY/SW-TM4C-2.1.2.111/driverlib/gcc/libdriver.a(sysctl.o)
 .text.SysCtlPWMClockSet
                0x00000000       0x14 /home/user/Desktop/Lcd_DisplaY/Lcd_DisplaY/SW-TM4C-2.1.2.111/driverlib/gcc/libdriver.a(sysctl.o)
 .text.SysCtlPWMClockGet
                0x00000000       0x18 /home/user/Desktop/Lcd_DisplaY/Lcd_DisplaY/SW-TM4C-2.1.2.111/driverlib/gcc/libdriver.a(sysctl.o)
 .text.SysCtlGPIOAHBEnable
                0x00000000       0x1c /home/user/Desktop/Lcd_DisplaY/Lcd_DisplaY/SW-TM4C-2.1.2.111/driverlib/gcc/libdriver.a(sysctl.o)
 .text.SysCtlGPIOAHBDisable
                0x00000000       0x1c /home/user/Desktop/Lcd_DisplaY/Lcd_DisplaY/SW-TM4C-2.1.2.111/driverlib/gcc/libdriver.a(sysctl.o)
 .text.SysCtlUSBPLLEnable
                0x00000000       0x10 /home/user/Desktop/Lcd_DisplaY/Lcd_DisplaY/SW-TM4C-2.1.2.111/driverlib/gcc/libdriver.a(sysctl.o)
 .text.SysCtlUSBPLLDisable
                0x00000000       0x10 /home/user/Desktop/Lcd_DisplaY/Lcd_DisplaY/SW-TM4C-2.1.2.111/driverlib/gcc/libdriver.a(sysctl.o)
 .text.SysCtlVoltageEventConfig
                0x00000000        0xc /home/user/Desktop/Lcd_DisplaY/Lcd_DisplaY/SW-TM4C-2.1.2.111/driverlib/gcc/libdriver.a(sysctl.o)
 .text.SysCtlVoltageEventStatus
                0x00000000        0xc /home/user/Desktop/Lcd_DisplaY/Lcd_DisplaY/SW-TM4C-2.1.2.111/driverlib/gcc/libdriver.a(sysctl.o)
 .text.SysCtlVoltageEventClear
                0x00000000       0x10 /home/user/Desktop/Lcd_DisplaY/Lcd_DisplaY/SW-TM4C-2.1.2.111/driverlib/gcc/libdriver.a(sysctl.o)
 .text.SysCtlNMIStatus
                0x00000000        0xc /home/user/Desktop/Lcd_DisplaY/Lcd_DisplaY/SW-TM4C-2.1.2.111/driverlib/gcc/libdriver.a(sysctl.o)
 .text.SysCtlNMIClear
                0x00000000       0x10 /home/user/Desktop/Lcd_DisplaY/Lcd_DisplaY/SW-TM4C-2.1.2.111/driverlib/gcc/libdriver.a(sysctl.o)
 .text.SysCtlClockOutConfig
                0x00000000       0x14 /home/user/Desktop/Lcd_DisplaY/Lcd_DisplaY/SW-TM4C-2.1.2.111/driverlib/gcc/libdriver.a(sysctl.o)
 .text.SysCtlAltClkConfig
                0x00000000        0xc /home/user/Desktop/Lcd_DisplaY/Lcd_DisplaY/SW-TM4C-2.1.2.111/driverlib/gcc/libdriver.a(sysctl.o)
 .rodata.g_pppui32XTALtoVCO
                0x00000000      0x120 /home/user/Desktop/Lcd_DisplaY/Lcd_DisplaY/SW-TM4C-2.1.2.111/driverlib/gcc/libdriver.a(sysctl.o)
 .rodata.g_pui32VCOFrequencies
                0x00000000        0x8 /home/user/Desktop/Lcd_DisplaY/Lcd_DisplaY/SW-TM4C-2.1.2.111/driverlib/gcc/libdriver.a(sysctl.o)
 .rodata.g_sXTALtoMEMTIM
                0x00000000       0x30 /home/user/Desktop/Lcd_DisplaY/Lcd_DisplaY/SW-TM4C-2.1.2.111/driverlib/gcc/libdriver.a(sysctl.o)
 .rodata.g_pui32Xtals
                0x00000000       0x6c /home/user/Desktop/Lcd_DisplaY/Lcd_DisplaY/SW-TM4C-2.1.2.111/driverlib/gcc/libdriver.a(sysctl.o)
 .text          0x00000000        0x0 /home/user/Desktop/Lcd_DisplaY/Lcd_DisplaY/SW-TM4C-2.1.2.111/driverlib/gcc/libdriver.a(uart.o)
 .data          0x00000000        0x0 /home/user/Desktop/Lcd_DisplaY/Lcd_DisplaY/SW-TM4C-2.1.2.111/driverlib/gcc/libdriver.a(uart.o)
 .bss           0x00000000        0x0 /home/user/Desktop/Lcd_DisplaY/Lcd_DisplaY/SW-TM4C-2.1.2.111/driverlib/gcc/libdriver.a(uart.o)
 .text._UARTIntNumberGet
                0x00000000       0x48 /home/user/Desktop/Lcd_DisplaY/Lcd_DisplaY/SW-TM4C-2.1.2.111/driverlib/gcc/libdriver.a(uart.o)
 .text.UARTParityModeSet
                0x00000000        0xc /home/user/Desktop/Lcd_DisplaY/Lcd_DisplaY/SW-TM4C-2.1.2.111/driverlib/gcc/libdriver.a(uart.o)
 .text.UARTParityModeGet
                0x00000000        0x8 /home/user/Desktop/Lcd_DisplaY/Lcd_DisplaY/SW-TM4C-2.1.2.111/driverlib/gcc/libdriver.a(uart.o)
 .text.UARTFIFOLevelSet
                0x00000000        0x6 /home/user/Desktop/Lcd_DisplaY/Lcd_DisplaY/SW-TM4C-2.1.2.111/driverlib/gcc/libdriver.a(uart.o)
 .text.UARTFIFOLevelGet
                0x00000000       0x10 /home/user/Desktop/Lcd_DisplaY/Lcd_DisplaY/SW-TM4C-2.1.2.111/driverlib/gcc/libdriver.a(uart.o)
 .text.UARTConfigGetExpClk
                0x00000000       0x28 /home/user/Desktop/Lcd_DisplaY/Lcd_DisplaY/SW-TM4C-2.1.2.111/driverlib/gcc/libdriver.a(uart.o)
 .text.UARTEnable
                0x00000000       0x16 /home/user/Desktop/Lcd_DisplaY/Lcd_DisplaY/SW-TM4C-2.1.2.111/driverlib/gcc/libdriver.a(uart.o)
 .text.UARTDisable
                0x00000000       0x1e /home/user/Desktop/Lcd_DisplaY/Lcd_DisplaY/SW-TM4C-2.1.2.111/driverlib/gcc/libdriver.a(uart.o)
 .text.UARTConfigSetExpClk
                0x00000000       0x4e /home/user/Desktop/Lcd_DisplaY/Lcd_DisplaY/SW-TM4C-2.1.2.111/driverlib/gcc/libdriver.a(uart.o)
 .text.UARTFIFOEnable
                0x00000000        0xa /home/user/Desktop/Lcd_DisplaY/Lcd_DisplaY/SW-TM4C-2.1.2.111/driverlib/gcc/libdriver.a(uart.o)
 .text.UARTFIFODisable
                0x00000000        0xa /home/user/Desktop/Lcd_DisplaY/Lcd_DisplaY/SW-TM4C-2.1.2.111/driverlib/gcc/libdriver.a(uart.o)
 .text.UARTEnableSIR
                0x00000000       0x14 /home/user/Desktop/Lcd_DisplaY/Lcd_DisplaY/SW-TM4C-2.1.2.111/driverlib/gcc/libdriver.a(uart.o)
 .text.UARTDisableSIR
                0x00000000        0xa /home/user/Desktop/Lcd_DisplaY/Lcd_DisplaY/SW-TM4C-2.1.2.111/driverlib/gcc/libdriver.a(uart.o)
 .text.UARTSmartCardEnable
                0x00000000       0x16 /home/user/Desktop/Lcd_DisplaY/Lcd_DisplaY/SW-TM4C-2.1.2.111/driverlib/gcc/libdriver.a(uart.o)
 .text.UARTSmartCardDisable
                0x00000000        0xa /home/user/Desktop/Lcd_DisplaY/Lcd_DisplaY/SW-TM4C-2.1.2.111/driverlib/gcc/libdriver.a(uart.o)
 .text.UARTModemControlSet
                0x00000000        0xc /home/user/Desktop/Lcd_DisplaY/Lcd_DisplaY/SW-TM4C-2.1.2.111/driverlib/gcc/libdriver.a(uart.o)
 .text.UARTModemControlClear
                0x00000000        0xe /home/user/Desktop/Lcd_DisplaY/Lcd_DisplaY/SW-TM4C-2.1.2.111/driverlib/gcc/libdriver.a(uart.o)
 .text.UARTModemControlGet
                0x00000000        0x8 /home/user/Desktop/Lcd_DisplaY/Lcd_DisplaY/SW-TM4C-2.1.2.111/driverlib/gcc/libdriver.a(uart.o)
 .text.UARTModemStatusGet
                0x00000000        0xc /home/user/Desktop/Lcd_DisplaY/Lcd_DisplaY/SW-TM4C-2.1.2.111/driverlib/gcc/libdriver.a(uart.o)
 .text.UARTFlowControlSet
                0x00000000        0xc /home/user/Desktop/Lcd_DisplaY/Lcd_DisplaY/SW-TM4C-2.1.2.111/driverlib/gcc/libdriver.a(uart.o)
 .text.UARTFlowControlGet
                0x00000000        0x8 /home/user/Desktop/Lcd_DisplaY/Lcd_DisplaY/SW-TM4C-2.1.2.111/driverlib/gcc/libdriver.a(uart.o)
 .text.UARTTxIntModeSet
                0x00000000        0xc /home/user/Desktop/Lcd_DisplaY/Lcd_DisplaY/SW-TM4C-2.1.2.111/driverlib/gcc/libdriver.a(uart.o)
 .text.UARTTxIntModeGet
                0x00000000        0x8 /home/user/Desktop/Lcd_DisplaY/Lcd_DisplaY/SW-TM4C-2.1.2.111/driverlib/gcc/libdriver.a(uart.o)
 .text.UARTCharsAvail
                0x00000000       0x10 /home/user/Desktop/Lcd_DisplaY/Lcd_DisplaY/SW-TM4C-2.1.2.111/driverlib/gcc/libdriver.a(uart.o)
 .text.UARTSpaceAvail
                0x00000000       0x10 /home/user/Desktop/Lcd_DisplaY/Lcd_DisplaY/SW-TM4C-2.1.2.111/driverlib/gcc/libdriver.a(uart.o)
 .text.UARTCharGetNonBlocking
                0x00000000       0x10 /home/user/Desktop/Lcd_DisplaY/Lcd_DisplaY/SW-TM4C-2.1.2.111/driverlib/gcc/libdriver.a(uart.o)
 .text.UARTCharGet
                0x00000000        0xc /home/user/Desktop/Lcd_DisplaY/Lcd_DisplaY/SW-TM4C-2.1.2.111/driverlib/gcc/libdriver.a(uart.o)
 .text.UARTCharPutNonBlocking
                0x00000000       0x12 /home/user/Desktop/Lcd_DisplaY/Lcd_DisplaY/SW-TM4C-2.1.2.111/driverlib/gcc/libdriver.a(uart.o)
 .text.UARTCharPut
                0x00000000        0xc /home/user/Desktop/Lcd_DisplaY/Lcd_DisplaY/SW-TM4C-2.1.2.111/driverlib/gcc/libdriver.a(uart.o)
 .text.UARTBreakCtl
                0x00000000       0x18 /home/user/Desktop/Lcd_DisplaY/Lcd_DisplaY/SW-TM4C-2.1.2.111/driverlib/gcc/libdriver.a(uart.o)
 .text.UARTBusy
                0x00000000        0x8 /home/user/Desktop/Lcd_DisplaY/Lcd_DisplaY/SW-TM4C-2.1.2.111/driverlib/gcc/libdriver.a(uart.o)
 .text.UARTIntRegister
                0x00000000       0x1a /home/user/Desktop/Lcd_DisplaY/Lcd_DisplaY/SW-TM4C-2.1.2.111/driverlib/gcc/libdriver.a(uart.o)
 .text.UARTIntUnregister
                0x00000000       0x16 /home/user/Desktop/Lcd_DisplaY/Lcd_DisplaY/SW-TM4C-2.1.2.111/driverlib/gcc/libdriver.a(uart.o)
 .text.UARTIntEnable
                0x00000000        0x8 /home/user/Desktop/Lcd_DisplaY/Lcd_DisplaY/SW-TM4C-2.1.2.111/driverlib/gcc/libdriver.a(uart.o)
 .text.UARTIntDisable
                0x00000000        0xa /home/user/Desktop/Lcd_DisplaY/Lcd_DisplaY/SW-TM4C-2.1.2.111/driverlib/gcc/libdriver.a(uart.o)
 .text.UARTIntStatus
                0x00000000        0xa /home/user/Desktop/Lcd_DisplaY/Lcd_DisplaY/SW-TM4C-2.1.2.111/driverlib/gcc/libdriver.a(uart.o)
 .text.UARTIntClear
                0x00000000        0x4 /home/user/Desktop/Lcd_DisplaY/Lcd_DisplaY/SW-TM4C-2.1.2.111/driverlib/gcc/libdriver.a(uart.o)
 .text.UARTDMAEnable
                0x00000000        0x8 /home/user/Desktop/Lcd_DisplaY/Lcd_DisplaY/SW-TM4C-2.1.2.111/driverlib/gcc/libdriver.a(uart.o)
 .text.UARTDMADisable
                0x00000000        0xa /home/user/Desktop/Lcd_DisplaY/Lcd_DisplaY/SW-TM4C-2.1.2.111/driverlib/gcc/libdriver.a(uart.o)
 .text.UARTRxErrorGet
                0x00000000        0x8 /home/user/Desktop/Lcd_DisplaY/Lcd_DisplaY/SW-TM4C-2.1.2.111/driverlib/gcc/libdriver.a(uart.o)
 .text.UARTRxErrorClear
                0x00000000        0x6 /home/user/Desktop/Lcd_DisplaY/Lcd_DisplaY/SW-TM4C-2.1.2.111/driverlib/gcc/libdriver.a(uart.o)
 .text.UARTClockSourceSet
                0x00000000        0x6 /home/user/Desktop/Lcd_DisplaY/Lcd_DisplaY/SW-TM4C-2.1.2.111/driverlib/gcc/libdriver.a(uart.o)
 .text.UARTClockSourceGet
                0x00000000        0x6 /home/user/Desktop/Lcd_DisplaY/Lcd_DisplaY/SW-TM4C-2.1.2.111/driverlib/gcc/libdriver.a(uart.o)
 .text.UART9BitEnable
                0x00000000        0xe /home/user/Desktop/Lcd_DisplaY/Lcd_DisplaY/SW-TM4C-2.1.2.111/driverlib/gcc/libdriver.a(uart.o)
 .text.UART9BitDisable
                0x00000000        0xe /home/user/Desktop/Lcd_DisplaY/Lcd_DisplaY/SW-TM4C-2.1.2.111/driverlib/gcc/libdriver.a(uart.o)
 .text.UART9BitAddrSet
                0x00000000        0xa /home/user/Desktop/Lcd_DisplaY/Lcd_DisplaY/SW-TM4C-2.1.2.111/driverlib/gcc/libdriver.a(uart.o)
 .text.UART9BitAddrSend
                0x00000000       0x2c /home/user/Desktop/Lcd_DisplaY/Lcd_DisplaY/SW-TM4C-2.1.2.111/driverlib/gcc/libdriver.a(uart.o)
 .text.UARTLoopbackEnable
                0x00000000        0xa /home/user/Desktop/Lcd_DisplaY/Lcd_DisplaY/SW-TM4C-2.1.2.111/driverlib/gcc/libdriver.a(uart.o)
 .rodata.g_ppui32UARTIntMap
                0x00000000       0x40 /home/user/Desktop/Lcd_DisplaY/Lcd_DisplaY/SW-TM4C-2.1.2.111/driverlib/gcc/libdriver.a(uart.o)
 .rodata.g_ppui32UARTIntMapSnowflake
                0x00000000       0x40 /home/user/Desktop/Lcd_DisplaY/Lcd_DisplaY/SW-TM4C-2.1.2.111/driverlib/gcc/libdriver.a(uart.o)
 .comment       0x00000000       0x2c /home/user/Desktop/Lcd_DisplaY/Lcd_DisplaY/SW-TM4C-2.1.2.111/driverlib/gcc/libdriver.a(uart.o)
 .ARM.attributes
                0x00000000       0x37 /home/user/Desktop/Lcd_DisplaY/Lcd_DisplaY/SW-TM4C-2.1.2.111/driverlib/gcc/libdriver.a(uart.o)
 .text          0x00000000        0x0 /home/user/Desktop/Lcd_DisplaY/Lcd_DisplaY/SW-TM4C-2.1.2.111/driverlib/gcc/libdriver.a(cpu.o)
 .data          0x00000000        0x0 /home/user/Desktop/Lcd_DisplaY/Lcd_DisplaY/SW-TM4C-2.1.2.111/driverlib/gcc/libdriver.a(cpu.o)
 .bss           0x00000000        0x0 /home/user/Desktop/Lcd_DisplaY/Lcd_DisplaY/SW-TM4C-2.1.2.111/driverlib/gcc/libdriver.a(cpu.o)
 .text.CPUcpsid
                0x00000000        0x8 /home/user/Desktop/Lcd_DisplaY/Lcd_DisplaY/SW-TM4C-2.1.2.111/driverlib/gcc/libdriver.a(cpu.o)
 .text.CPUprimask
                0x00000000        0x6 /home/user/Desktop/Lcd_DisplaY/Lcd_DisplaY/SW-TM4C-2.1.2.111/driverlib/gcc/libdriver.a(cpu.o)
 .text.CPUcpsie
                0x00000000        0x8 /home/user/Desktop/Lcd_DisplaY/Lcd_DisplaY/SW-TM4C-2.1.2.111/driverlib/gcc/libdriver.a(cpu.o)
 .text.CPUwfi   0x00000000        0x4 /home/user/Desktop/Lcd_DisplaY/Lcd_DisplaY/SW-TM4C-2.1.2.111/driverlib/gcc/libdriver.a(cpu.o)
 .text.CPUbasepriSet
                0x00000000        0x6 /home/user/Desktop/Lcd_DisplaY/Lcd_DisplaY/SW-TM4C-2.1.2.111/driverlib/gcc/libdriver.a(cpu.o)
 .text.CPUbasepriGet
                0x00000000        0x6 /home/user/Desktop/Lcd_DisplaY/Lcd_DisplaY/SW-TM4C-2.1.2.111/driverlib/gcc/libdriver.a(cpu.o)
 .comment       0x00000000       0x2c /home/user/Desktop/Lcd_DisplaY/Lcd_DisplaY/SW-TM4C-2.1.2.111/driverlib/gcc/libdriver.a(cpu.o)
 .ARM.attributes
                0x00000000       0x37 /home/user/Desktop/Lcd_DisplaY/Lcd_DisplaY/SW-TM4C-2.1.2.111/driverlib/gcc/libdriver.a(cpu.o)
 .text          0x00000000        0x0 /usr/lib/gcc/arm-none-eabi/4.8.2/../../../arm-none-eabi/lib/armv7e-m/softfp/libg.a(lib_a-atexit.o)
 .data          0x00000000        0x0 /usr/lib/gcc/arm-none-eabi/4.8.2/../../../arm-none-eabi/lib/armv7e-m/softfp/libg.a(lib_a-atexit.o)
 .bss           0x00000000        0x0 /usr/lib/gcc/arm-none-eabi/4.8.2/../../../arm-none-eabi/lib/armv7e-m/softfp/libg.a(lib_a-atexit.o)
 .text.atexit   0x00000000        0xc /usr/lib/gcc/arm-none-eabi/4.8.2/../../../arm-none-eabi/lib/armv7e-m/softfp/libg.a(lib_a-atexit.o)
 .debug_info    0x00000000      0x10a /usr/lib/gcc/arm-none-eabi/4.8.2/../../../arm-none-eabi/lib/armv7e-m/softfp/libg.a(lib_a-atexit.o)
 .debug_abbrev  0x00000000       0xb8 /usr/lib/gcc/arm-none-eabi/4.8.2/../../../arm-none-eabi/lib/armv7e-m/softfp/libg.a(lib_a-atexit.o)
 .debug_loc     0x00000000       0x2c /usr/lib/gcc/arm-none-eabi/4.8.2/../../../arm-none-eabi/lib/armv7e-m/softfp/libg.a(lib_a-atexit.o)
 .debug_aranges
                0x00000000       0x20 /usr/lib/gcc/arm-none-eabi/4.8.2/../../../arm-none-eabi/lib/armv7e-m/softfp/libg.a(lib_a-atexit.o)
 .debug_ranges  0x00000000       0x10 /usr/lib/gcc/arm-none-eabi/4.8.2/../../../arm-none-eabi/lib/armv7e-m/softfp/libg.a(lib_a-atexit.o)
 .debug_line    0x00000000       0xa9 /usr/lib/gcc/arm-none-eabi/4.8.2/../../../arm-none-eabi/lib/armv7e-m/softfp/libg.a(lib_a-atexit.o)
 .debug_str     0x00000000      0x230 /usr/lib/gcc/arm-none-eabi/4.8.2/../../../arm-none-eabi/lib/armv7e-m/softfp/libg.a(lib_a-atexit.o)
 .comment       0x00000000       0x20 /usr/lib/gcc/arm-none-eabi/4.8.2/../../../arm-none-eabi/lib/armv7e-m/softfp/libg.a(lib_a-atexit.o)
 .ARM.attributes
                0x00000000       0x32 /usr/lib/gcc/arm-none-eabi/4.8.2/../../../arm-none-eabi/lib/armv7e-m/softfp/libg.a(lib_a-atexit.o)
 .debug_frame   0x00000000       0x20 /usr/lib/gcc/arm-none-eabi/4.8.2/../../../arm-none-eabi/lib/armv7e-m/softfp/libg.a(lib_a-atexit.o)
 .text          0x00000000        0x0 /usr/lib/gcc/arm-none-eabi/4.8.2/../../../arm-none-eabi/lib/armv7e-m/softfp/libg.a(lib_a-exit.o)
 .data          0x00000000        0x0 /usr/lib/gcc/arm-none-eabi/4.8.2/../../../arm-none-eabi/lib/armv7e-m/softfp/libg.a(lib_a-exit.o)
 .bss           0x00000000        0x0 /usr/lib/gcc/arm-none-eabi/4.8.2/../../../arm-none-eabi/lib/armv7e-m/softfp/libg.a(lib_a-exit.o)
 .text.exit     0x00000000       0x20 /usr/lib/gcc/arm-none-eabi/4.8.2/../../../arm-none-eabi/lib/armv7e-m/softfp/libg.a(lib_a-exit.o)
 .debug_info    0x00000000      0x8e4 /usr/lib/gcc/arm-none-eabi/4.8.2/../../../arm-none-eabi/lib/armv7e-m/softfp/libg.a(lib_a-exit.o)
 .debug_abbrev  0x00000000      0x1e6 /usr/lib/gcc/arm-none-eabi/4.8.2/../../../arm-none-eabi/lib/armv7e-m/softfp/libg.a(lib_a-exit.o)
 .debug_loc     0x00000000       0x1e /usr/lib/gcc/arm-none-eabi/4.8.2/../../../arm-none-eabi/lib/armv7e-m/softfp/libg.a(lib_a-exit.o)
 .debug_aranges
                0x00000000       0x20 /usr/lib/gcc/arm-none-eabi/4.8.2/../../../arm-none-eabi/lib/armv7e-m/softfp/libg.a(lib_a-exit.o)
 .debug_ranges  0x00000000       0x10 /usr/lib/gcc/arm-none-eabi/4.8.2/../../../arm-none-eabi/lib/armv7e-m/softfp/libg.a(lib_a-exit.o)
 .debug_line    0x00000000      0x142 /usr/lib/gcc/arm-none-eabi/4.8.2/../../../arm-none-eabi/lib/armv7e-m/softfp/libg.a(lib_a-exit.o)
 .debug_str     0x00000000      0x5cd /usr/lib/gcc/arm-none-eabi/4.8.2/../../../arm-none-eabi/lib/armv7e-m/softfp/libg.a(lib_a-exit.o)
 .comment       0x00000000       0x20 /usr/lib/gcc/arm-none-eabi/4.8.2/../../../arm-none-eabi/lib/armv7e-m/softfp/libg.a(lib_a-exit.o)
 .ARM.attributes
                0x00000000       0x32 /usr/lib/gcc/arm-none-eabi/4.8.2/../../../arm-none-eabi/lib/armv7e-m/softfp/libg.a(lib_a-exit.o)
 .debug_frame   0x00000000       0x28 /usr/lib/gcc/arm-none-eabi/4.8.2/../../../arm-none-eabi/lib/armv7e-m/softfp/libg.a(lib_a-exit.o)
 .text          0x00000000        0x0 /usr/lib/gcc/arm-none-eabi/4.8.2/../../../arm-none-eabi/lib/armv7e-m/softfp/libg.a(lib_a-fini.o)
 .data          0x00000000        0x0 /usr/lib/gcc/arm-none-eabi/4.8.2/../../../arm-none-eabi/lib/armv7e-m/softfp/libg.a(lib_a-fini.o)
 .bss           0x00000000        0x0 /usr/lib/gcc/arm-none-eabi/4.8.2/../../../arm-none-eabi/lib/armv7e-m/softfp/libg.a(lib_a-fini.o)
 .text.__libc_fini_array
                0x00000000       0x34 /usr/lib/gcc/arm-none-eabi/4.8.2/../../../arm-none-eabi/lib/armv7e-m/softfp/libg.a(lib_a-fini.o)
 .debug_info    0x00000000       0xef /usr/lib/gcc/arm-none-eabi/4.8.2/../../../arm-none-eabi/lib/armv7e-m/softfp/libg.a(lib_a-fini.o)
 .debug_abbrev  0x00000000       0xbd /usr/lib/gcc/arm-none-eabi/4.8.2/../../../arm-none-eabi/lib/armv7e-m/softfp/libg.a(lib_a-fini.o)
 .debug_loc     0x00000000       0x5c /usr/lib/gcc/arm-none-eabi/4.8.2/../../../arm-none-eabi/lib/armv7e-m/softfp/libg.a(lib_a-fini.o)
 .debug_aranges
                0x00000000       0x20 /usr/lib/gcc/arm-none-eabi/4.8.2/../../../arm-none-eabi/lib/armv7e-m/softfp/libg.a(lib_a-fini.o)
 .debug_ranges  0x00000000       0x10 /usr/lib/gcc/arm-none-eabi/4.8.2/../../../arm-none-eabi/lib/armv7e-m/softfp/libg.a(lib_a-fini.o)
 .debug_line    0x00000000       0x9f /usr/lib/gcc/arm-none-eabi/4.8.2/../../../arm-none-eabi/lib/armv7e-m/softfp/libg.a(lib_a-fini.o)
 .debug_str     0x00000000      0x228 /usr/lib/gcc/arm-none-eabi/4.8.2/../../../arm-none-eabi/lib/armv7e-m/softfp/libg.a(lib_a-fini.o)
 .comment       0x00000000       0x20 /usr/lib/gcc/arm-none-eabi/4.8.2/../../../arm-none-eabi/lib/armv7e-m/softfp/libg.a(lib_a-fini.o)
 .ARM.attributes
                0x00000000       0x32 /usr/lib/gcc/arm-none-eabi/4.8.2/../../../arm-none-eabi/lib/armv7e-m/softfp/libg.a(lib_a-fini.o)
 .debug_frame   0x00000000       0x2c /usr/lib/gcc/arm-none-eabi/4.8.2/../../../arm-none-eabi/lib/armv7e-m/softfp/libg.a(lib_a-fini.o)
 .text          0x00000000        0x0 /usr/lib/gcc/arm-none-eabi/4.8.2/../../../arm-none-eabi/lib/armv7e-m/softfp/libg.a(lib_a-impure.o)
 .data          0x00000000        0x0 /usr/lib/gcc/arm-none-eabi/4.8.2/../../../arm-none-eabi/lib/armv7e-m/softfp/libg.a(lib_a-impure.o)
 .bss           0x00000000        0x0 /usr/lib/gcc/arm-none-eabi/4.8.2/../../../arm-none-eabi/lib/armv7e-m/softfp/libg.a(lib_a-impure.o)
 .data.impure_data
                0x00000000      0x428 /usr/lib/gcc/arm-none-eabi/4.8.2/../../../arm-none-eabi/lib/armv7e-m/softfp/libg.a(lib_a-impure.o)
 .data._impure_ptr
                0x00000000        0x4 /usr/lib/gcc/arm-none-eabi/4.8.2/../../../arm-none-eabi/lib/armv7e-m/softfp/libg.a(lib_a-impure.o)
 .rodata.str1.4
                0x00000000        0x4 /usr/lib/gcc/arm-none-eabi/4.8.2/../../../arm-none-eabi/lib/armv7e-m/softfp/libg.a(lib_a-impure.o)
 .rodata._global_impure_ptr
                0x00000000        0x4 /usr/lib/gcc/arm-none-eabi/4.8.2/../../../arm-none-eabi/lib/armv7e-m/softfp/libg.a(lib_a-impure.o)
 .debug_info    0x00000000      0x894 /usr/lib/gcc/arm-none-eabi/4.8.2/../../../arm-none-eabi/lib/armv7e-m/softfp/libg.a(lib_a-impure.o)
 .debug_abbrev  0x00000000      0x180 /usr/lib/gcc/arm-none-eabi/4.8.2/../../../arm-none-eabi/lib/armv7e-m/softfp/libg.a(lib_a-impure.o)
 .debug_aranges
                0x00000000       0x18 /usr/lib/gcc/arm-none-eabi/4.8.2/../../../arm-none-eabi/lib/armv7e-m/softfp/libg.a(lib_a-impure.o)
 .debug_line    0x00000000       0xd9 /usr/lib/gcc/arm-none-eabi/4.8.2/../../../arm-none-eabi/lib/armv7e-m/softfp/libg.a(lib_a-impure.o)
 .debug_str     0x00000000      0x5c4 /usr/lib/gcc/arm-none-eabi/4.8.2/../../../arm-none-eabi/lib/armv7e-m/softfp/libg.a(lib_a-impure.o)
 .comment       0x00000000       0x20 /usr/lib/gcc/arm-none-eabi/4.8.2/../../../arm-none-eabi/lib/armv7e-m/softfp/libg.a(lib_a-impure.o)
 .ARM.attributes
                0x00000000       0x32 /usr/lib/gcc/arm-none-eabi/4.8.2/../../../arm-none-eabi/lib/armv7e-m/softfp/libg.a(lib_a-impure.o)
 .text          0x00000000        0x0 /usr/lib/gcc/arm-none-eabi/4.8.2/../../../arm-none-eabi/lib/armv7e-m/softfp/libg.a(lib_a-init.o)
 .data          0x00000000        0x0 /usr/lib/gcc/arm-none-eabi/4.8.2/../../../arm-none-eabi/lib/armv7e-m/softfp/libg.a(lib_a-init.o)
 .bss           0x00000000        0x0 /usr/lib/gcc/arm-none-eabi/4.8.2/../../../arm-none-eabi/lib/armv7e-m/softfp/libg.a(lib_a-init.o)
 .text.__libc_init_array
                0x00000000       0x5c /usr/lib/gcc/arm-none-eabi/4.8.2/../../../arm-none-eabi/lib/armv7e-m/softfp/libg.a(lib_a-init.o)
 .debug_info    0x00000000      0x105 /usr/lib/gcc/arm-none-eabi/4.8.2/../../../arm-none-eabi/lib/armv7e-m/softfp/libg.a(lib_a-init.o)
 .debug_abbrev  0x00000000       0xba /usr/lib/gcc/arm-none-eabi/4.8.2/../../../arm-none-eabi/lib/armv7e-m/softfp/libg.a(lib_a-init.o)
 .debug_loc     0x00000000       0xae /usr/lib/gcc/arm-none-eabi/4.8.2/../../../arm-none-eabi/lib/armv7e-m/softfp/libg.a(lib_a-init.o)
 .debug_aranges
                0x00000000       0x20 /usr/lib/gcc/arm-none-eabi/4.8.2/../../../arm-none-eabi/lib/armv7e-m/softfp/libg.a(lib_a-init.o)
 .debug_ranges  0x00000000       0x10 /usr/lib/gcc/arm-none-eabi/4.8.2/../../../arm-none-eabi/lib/armv7e-m/softfp/libg.a(lib_a-init.o)
 .debug_line    0x00000000       0xb8 /usr/lib/gcc/arm-none-eabi/4.8.2/../../../arm-none-eabi/lib/armv7e-m/softfp/libg.a(lib_a-init.o)
 .debug_str     0x00000000      0x252 /usr/lib/gcc/arm-none-eabi/4.8.2/../../../arm-none-eabi/lib/armv7e-m/softfp/libg.a(lib_a-init.o)
 .comment       0x00000000       0x20 /usr/lib/gcc/arm-none-eabi/4.8.2/../../../arm-none-eabi/lib/armv7e-m/softfp/libg.a(lib_a-init.o)
 .ARM.attributes
                0x00000000       0x32 /usr/lib/gcc/arm-none-eabi/4.8.2/../../../arm-none-eabi/lib/armv7e-m/softfp/libg.a(lib_a-init.o)
 .debug_frame   0x00000000       0x2c /usr/lib/gcc/arm-none-eabi/4.8.2/../../../arm-none-eabi/lib/armv7e-m/softfp/libg.a(lib_a-init.o)
 .text          0x00000000        0x0 /usr/lib/gcc/arm-none-eabi/4.8.2/../../../arm-none-eabi/lib/armv7e-m/softfp/libg.a(lib_a-memset.o)
 .data          0x00000000        0x0 /usr/lib/gcc/arm-none-eabi/4.8.2/../../../arm-none-eabi/lib/armv7e-m/softfp/libg.a(lib_a-memset.o)
 .bss           0x00000000        0x0 /usr/lib/gcc/arm-none-eabi/4.8.2/../../../arm-none-eabi/lib/armv7e-m/softfp/libg.a(lib_a-memset.o)
 .text.memset   0x00000000       0x94 /usr/lib/gcc/arm-none-eabi/4.8.2/../../../arm-none-eabi/lib/armv7e-m/softfp/libg.a(lib_a-memset.o)
 .debug_info    0x00000000      0x117 /usr/lib/gcc/arm-none-eabi/4.8.2/../../../arm-none-eabi/lib/armv7e-m/softfp/libg.a(lib_a-memset.o)
 .debug_abbrev  0x00000000       0x9f /usr/lib/gcc/arm-none-eabi/4.8.2/../../../arm-none-eabi/lib/armv7e-m/softfp/libg.a(lib_a-memset.o)
 .debug_loc     0x00000000      0x18b /usr/lib/gcc/arm-none-eabi/4.8.2/../../../arm-none-eabi/lib/armv7e-m/softfp/libg.a(lib_a-memset.o)
 .debug_aranges
                0x00000000       0x20 /usr/lib/gcc/arm-none-eabi/4.8.2/../../../arm-none-eabi/lib/armv7e-m/softfp/libg.a(lib_a-memset.o)
 .debug_ranges  0x00000000       0x10 /usr/lib/gcc/arm-none-eabi/4.8.2/../../../arm-none-eabi/lib/armv7e-m/softfp/libg.a(lib_a-memset.o)
 .debug_line    0x00000000      0x102 /usr/lib/gcc/arm-none-eabi/4.8.2/../../../arm-none-eabi/lib/armv7e-m/softfp/libg.a(lib_a-memset.o)
 .debug_str     0x00000000      0x207 /usr/lib/gcc/arm-none-eabi/4.8.2/../../../arm-none-eabi/lib/armv7e-m/softfp/libg.a(lib_a-memset.o)
 .comment       0x00000000       0x20 /usr/lib/gcc/arm-none-eabi/4.8.2/../../../arm-none-eabi/lib/armv7e-m/softfp/libg.a(lib_a-memset.o)
 .ARM.attributes
                0x00000000       0x32 /usr/lib/gcc/arm-none-eabi/4.8.2/../../../arm-none-eabi/lib/armv7e-m/softfp/libg.a(lib_a-memset.o)
 .debug_frame   0x00000000       0x2c /usr/lib/gcc/arm-none-eabi/4.8.2/../../../arm-none-eabi/lib/armv7e-m/softfp/libg.a(lib_a-memset.o)
 .text          0x00000000        0x0 /usr/lib/gcc/arm-none-eabi/4.8.2/../../../arm-none-eabi/lib/armv7e-m/softfp/libg.a(lib_a-__atexit.o)
 .data          0x00000000        0x0 /usr/lib/gcc/arm-none-eabi/4.8.2/../../../arm-none-eabi/lib/armv7e-m/softfp/libg.a(lib_a-__atexit.o)
 .bss           0x00000000        0x0 /usr/lib/gcc/arm-none-eabi/4.8.2/../../../arm-none-eabi/lib/armv7e-m/softfp/libg.a(lib_a-__atexit.o)
 .text.__register_exitproc
                0x00000000       0xac /usr/lib/gcc/arm-none-eabi/4.8.2/../../../arm-none-eabi/lib/armv7e-m/softfp/libg.a(lib_a-__atexit.o)
 .debug_info    0x00000000      0x934 /usr/lib/gcc/arm-none-eabi/4.8.2/../../../arm-none-eabi/lib/armv7e-m/softfp/libg.a(lib_a-__atexit.o)
 .debug_abbrev  0x00000000      0x20f /usr/lib/gcc/arm-none-eabi/4.8.2/../../../arm-none-eabi/lib/armv7e-m/softfp/libg.a(lib_a-__atexit.o)
 .debug_loc     0x00000000      0x14d /usr/lib/gcc/arm-none-eabi/4.8.2/../../../arm-none-eabi/lib/armv7e-m/softfp/libg.a(lib_a-__atexit.o)
 .debug_aranges
                0x00000000       0x20 /usr/lib/gcc/arm-none-eabi/4.8.2/../../../arm-none-eabi/lib/armv7e-m/softfp/libg.a(lib_a-__atexit.o)
 .debug_ranges  0x00000000       0x10 /usr/lib/gcc/arm-none-eabi/4.8.2/../../../arm-none-eabi/lib/armv7e-m/softfp/libg.a(lib_a-__atexit.o)
 .debug_line    0x00000000      0x163 /usr/lib/gcc/arm-none-eabi/4.8.2/../../../arm-none-eabi/lib/armv7e-m/softfp/libg.a(lib_a-__atexit.o)
 .debug_str     0x00000000      0x60c /usr/lib/gcc/arm-none-eabi/4.8.2/../../../arm-none-eabi/lib/armv7e-m/softfp/libg.a(lib_a-__atexit.o)
 .comment       0x00000000       0x20 /usr/lib/gcc/arm-none-eabi/4.8.2/../../../arm-none-eabi/lib/armv7e-m/softfp/libg.a(lib_a-__atexit.o)
 .ARM.attributes
                0x00000000       0x32 /usr/lib/gcc/arm-none-eabi/4.8.2/../../../arm-none-eabi/lib/armv7e-m/softfp/libg.a(lib_a-__atexit.o)
 .debug_frame   0x00000000       0x30 /usr/lib/gcc/arm-none-eabi/4.8.2/../../../arm-none-eabi/lib/armv7e-m/softfp/libg.a(lib_a-__atexit.o)
 .text          0x00000000        0x0 /usr/lib/gcc/arm-none-eabi/4.8.2/../../../arm-none-eabi/lib/armv7e-m/softfp/libg.a(lib_a-__call_atexit.o)
 .data          0x00000000        0x0 /usr/lib/gcc/arm-none-eabi/4.8.2/../../../arm-none-eabi/lib/armv7e-m/softfp/libg.a(lib_a-__call_atexit.o)
 .bss           0x00000000        0x0 /usr/lib/gcc/arm-none-eabi/4.8.2/../../../arm-none-eabi/lib/armv7e-m/softfp/libg.a(lib_a-__call_atexit.o)
 .text.startup.register_fini
                0x00000000       0x18 /usr/lib/gcc/arm-none-eabi/4.8.2/../../../arm-none-eabi/lib/armv7e-m/softfp/libg.a(lib_a-__call_atexit.o)
 .init_array.00000
                0x00000000        0x4 /usr/lib/gcc/arm-none-eabi/4.8.2/../../../arm-none-eabi/lib/armv7e-m/softfp/libg.a(lib_a-__call_atexit.o)
 .text.__call_exitprocs
                0x00000000       0xf8 /usr/lib/gcc/arm-none-eabi/4.8.2/../../../arm-none-eabi/lib/armv7e-m/softfp/libg.a(lib_a-__call_atexit.o)
 .debug_info    0x00000000      0x9aa /usr/lib/gcc/arm-none-eabi/4.8.2/../../../arm-none-eabi/lib/armv7e-m/softfp/libg.a(lib_a-__call_atexit.o)
 .debug_abbrev  0x00000000      0x285 /usr/lib/gcc/arm-none-eabi/4.8.2/../../../arm-none-eabi/lib/armv7e-m/softfp/libg.a(lib_a-__call_atexit.o)
 .debug_loc     0x00000000      0x155 /usr/lib/gcc/arm-none-eabi/4.8.2/../../../arm-none-eabi/lib/armv7e-m/softfp/libg.a(lib_a-__call_atexit.o)
 .debug_aranges
                0x00000000       0x28 /usr/lib/gcc/arm-none-eabi/4.8.2/../../../arm-none-eabi/lib/armv7e-m/softfp/libg.a(lib_a-__call_atexit.o)
 .debug_ranges  0x00000000       0x38 /usr/lib/gcc/arm-none-eabi/4.8.2/../../../arm-none-eabi/lib/armv7e-m/softfp/libg.a(lib_a-__call_atexit.o)
 .debug_line    0x00000000      0x19e /usr/lib/gcc/arm-none-eabi/4.8.2/../../../arm-none-eabi/lib/armv7e-m/softfp/libg.a(lib_a-__call_atexit.o)
 .debug_str     0x00000000      0x624 /usr/lib/gcc/arm-none-eabi/4.8.2/../../../arm-none-eabi/lib/armv7e-m/softfp/libg.a(lib_a-__call_atexit.o)
 .comment       0x00000000       0x20 /usr/lib/gcc/arm-none-eabi/4.8.2/../../../arm-none-eabi/lib/armv7e-m/softfp/libg.a(lib_a-__call_atexit.o)
 .ARM.attributes
                0x00000000       0x32 /usr/lib/gcc/arm-none-eabi/4.8.2/../../../arm-none-eabi/lib/armv7e-m/softfp/libg.a(lib_a-__call_atexit.o)
 .debug_frame   0x00000000       0x48 /usr/lib/gcc/arm-none-eabi/4.8.2/../../../arm-none-eabi/lib/armv7e-m/softfp/libg.a(lib_a-__call_atexit.o)
 .text          0x00000000        0x0 /usr/lib/gcc/arm-none-eabi/4.8.2/armv7e-m/softfp/crtend.o
 .data          0x00000000        0x0 /usr/lib/gcc/arm-none-eabi/4.8.2/armv7e-m/softfp/crtend.o
 .bss           0x00000000        0x0 /usr/lib/gcc/arm-none-eabi/4.8.2/armv7e-m/softfp/crtend.o
 .eh_frame      0x00000000        0x4 /usr/lib/gcc/arm-none-eabi/4.8.2/armv7e-m/softfp/crtend.o
 .jcr           0x00000000        0x4 /usr/lib/gcc/arm-none-eabi/4.8.2/armv7e-m/softfp/crtend.o
 .tm_clone_table
                0x00000000        0x0 /usr/lib/gcc/arm-none-eabi/4.8.2/armv7e-m/softfp/crtend.o
 .comment       0x00000000       0x20 /usr/lib/gcc/arm-none-eabi/4.8.2/armv7e-m/softfp/crtend.o
 .ARM.attributes
                0x00000000       0x32 /usr/lib/gcc/arm-none-eabi/4.8.2/armv7e-m/softfp/crtend.o
 .text          0x00000000        0x0 /usr/lib/gcc/arm-none-eabi/4.8.2/armv7e-m/softfp/crtn.o
 .data          0x00000000        0x0 /usr/lib/gcc/arm-none-eabi/4.8.2/armv7e-m/softfp/crtn.o
 .bss           0x00000000        0x0 /usr/lib/gcc/arm-none-eabi/4.8.2/armv7e-m/softfp/crtn.o
 .init          0x00000000        0x8 /usr/lib/gcc/arm-none-eabi/4.8.2/armv7e-m/softfp/crtn.o
 .fini          0x00000000        0x8 /usr/lib/gcc/arm-none-eabi/4.8.2/armv7e-m/softfp/crtn.o
 .ARM.attributes
                0x00000000       0x22 /usr/lib/gcc/arm-none-eabi/4.8.2/armv7e-m/softfp/crtn.o

Memory Configuration

Name             Origin             Length             Attributes
FLASH            0x00000000         0x00040000         xr
SRAM             0x20000000         0x00008000         xrw
*default*        0x00000000         0xffffffff

Linker script and memory map

LOAD /usr/lib/gcc/arm-none-eabi/4.8.2/armv7e-m/softfp/crti.o
LOAD /usr/lib/gcc/arm-none-eabi/4.8.2/armv7e-m/softfp/crtbegin.o
LOAD /usr/lib/gcc/arm-none-eabi/4.8.2/../../../arm-none-eabi/lib/armv7e-m/softfp/crt0.o
LOAD ./src/main.o
LOAD ./src/startup_gcc.o
LOAD ./SW-TM4C-2.1.2.111/utils/uartstdio.o
LOAD /home/user/Desktop/Lcd_DisplaY/Lcd_DisplaY/SW-TM4C-2.1.2.111/driverlib/gcc/libdriver.a
START GROUP
LOAD /usr/lib/gcc/arm-none-eabi/4.8.2/armv7e-m/softfp/libgcc.a
LOAD /usr/lib/gcc/arm-none-eabi/4.8.2/../../../arm-none-eabi/lib/armv7e-m/softfp/libg.a
LOAD /usr/lib/gcc/arm-none-eabi/4.8.2/../../../arm-none-eabi/lib/armv7e-m/softfp/libc.a
END GROUP
LOAD /usr/lib/gcc/arm-none-eabi/4.8.2/armv7e-m/softfp/crtend.o
LOAD /usr/lib/gcc/arm-none-eabi/4.8.2/armv7e-m/softfp/crtn.o

.text           0x00000000     0x1030
                0x00000000                _text = .
 *(.isr_vector)
 .isr_vector    0x00000000      0x26c ./src/startup_gcc.o
                0x00000000                g_pfnVectors
 *(.text*)
 .text.main     0x0000026c      0x584 ./src/main.o
                0x0000026c                main
 .text.initLCD  0x000007f0      0x158 ./src/main.o
                0x000007f0                initLCD
 .text.commandLCD
                0x00000948       0xbc ./src/main.o
                0x00000948                commandLCD
 .text.putchLCD
                0x00000a04       0xbc ./src/main.o
                0x00000a04                putchLCD
 .text.setCursorLCD
                0x00000ac0       0x5c ./src/main.o
                0x00000ac0                setCursorLCD
 .text.clearLCD
                0x00000b1c       0x14 ./src/main.o
                0x00000b1c                clearLCD
 .text.printLCD
                0x00000b30       0x28 ./src/main.o
                0x00000b30                printLCD
 .text.init_port_B
                0x00000b58       0x7c ./src/main.o
                0x00000b58                init_port_B
 .text.init_port_A
                0x00000bd4       0x78 ./src/main.o
                0x00000bd4                init_port_A
 .text.Delay_sn
                0x00000c4c       0x28 ./src/main.o
                0x00000c4c                Delay_sn
 .text.ResetISR
                0x00000c74       0x78 ./src/startup_gcc.o
                0x00000c74                ResetISR
 .text.NmiSR    0x00000cec        0x8 ./src/startup_gcc.o
 .text.FaultISR
                0x00000cf4        0x8 ./src/startup_gcc.o
 .text.IntDefaultHandler
                0x00000cfc        0x8 ./src/startup_gcc.o
 .text.GPIODirModeSet
                0x00000d04       0x2e /home/user/Desktop/Lcd_DisplaY/Lcd_DisplaY/SW-TM4C-2.1.2.111/driverlib/gcc/libdriver.a(gpio.o)
                0x00000d04                GPIODirModeSet
 .text.GPIOPadConfigSet
                0x00000d32      0x14e /home/user/Desktop/Lcd_DisplaY/Lcd_DisplaY/SW-TM4C-2.1.2.111/driverlib/gcc/libdriver.a(gpio.o)
                0x00000d32                GPIOPadConfigSet
 .text.GPIOPinWrite
                0x00000e80        0x6 /home/user/Desktop/Lcd_DisplaY/Lcd_DisplaY/SW-TM4C-2.1.2.111/driverlib/gcc/libdriver.a(gpio.o)
                0x00000e80                GPIOPinWrite
 .text.GPIOPinTypeGPIOOutput
                0x00000e86       0x1c /home/user/Desktop/Lcd_DisplaY/Lcd_DisplaY/SW-TM4C-2.1.2.111/driverlib/gcc/libdriver.a(gpio.o)
                0x00000e86                GPIOPinTypeGPIOOutput
 *fill*         0x00000ea2        0x2 
 .text.SysCtlPeripheralEnable
                0x00000ea4       0x30 /home/user/Desktop/Lcd_DisplaY/Lcd_DisplaY/SW-TM4C-2.1.2.111/driverlib/gcc/libdriver.a(sysctl.o)
                0x00000ea4                SysCtlPeripheralEnable
 .text.SysCtlDelay
                0x00000ed4        0x6 /home/user/Desktop/Lcd_DisplaY/Lcd_DisplaY/SW-TM4C-2.1.2.111/driverlib/gcc/libdriver.a(sysctl.o)
                0x00000ed4                SysCtlDelay
 *fill*         0x00000eda        0x2 
 .text.SysCtlClockSet
                0x00000edc      0x128 /home/user/Desktop/Lcd_DisplaY/Lcd_DisplaY/SW-TM4C-2.1.2.111/driverlib/gcc/libdriver.a(sysctl.o)
                0x00000edc                SysCtlClockSet
 *(.rodata*)
 .rodata        0x00001004       0x2c ./src/main.o
                0x00001030                _etext = .

.glue_7         0x00001030        0x0
 .glue_7        0x00000000        0x0 linker stubs

.glue_7t        0x00001030        0x0
 .glue_7t       0x00000000        0x0 linker stubs

.vfp11_veneer   0x00001030        0x0
 .vfp11_veneer  0x00000000        0x0 linker stubs

.v4_bx          0x00001030        0x0
 .v4_bx         0x00000000        0x0 linker stubs

.iplt           0x00001030        0x0
 .iplt          0x00000000        0x0 /usr/lib/gcc/arm-none-eabi/4.8.2/armv7e-m/softfp/crtbegin.o

.rel.dyn        0x00001030        0x0
 .rel.iplt      0x00000000        0x0 /usr/lib/gcc/arm-none-eabi/4.8.2/armv7e-m/softfp/crtbegin.o

.data           0x20000000        0x0 load address 0x00001030
                0x20000000                _data = .
                0x00001030                _ldata = LOADADDR (.data)
 *(vtable)
 *(.data*)
                0x20000000                _edata = .

.igot.plt       0x20000000        0x0
 .igot.plt      0x00000000        0x0 /usr/lib/gcc/arm-none-eabi/4.8.2/armv7e-m/softfp/crtbegin.o

.bss            0x20000000      0x200
                0x20000000                _bss = .
 *(.bss*)
 .bss.pui32Stack
                0x20000000      0x200 ./src/startup_gcc.o
 *(COMMON)
                0x20000200                _ebss = .
OUTPUT(Lcd_DisplaY.elf elf32-littlearm)

.debug_info     0x00000000      0x446
 .debug_info    0x00000000      0x2dc ./src/main.o
 .debug_info    0x000002dc      0x16a ./src/startup_gcc.o

.debug_abbrev   0x00000000      0x210
 .debug_abbrev  0x00000000      0x14c ./src/main.o
 .debug_abbrev  0x0000014c       0xc4 ./src/startup_gcc.o

.debug_aranges  0x00000000       0xa8
 .debug_aranges
                0x00000000       0x70 ./src/main.o
 .debug_aranges
                0x00000070       0x38 ./src/startup_gcc.o

.debug_ranges   0x00000000       0x88
 .debug_ranges  0x00000000       0x60 ./src/main.o
 .debug_ranges  0x00000060       0x28 ./src/startup_gcc.o

.debug_macro    0x00000000     0xfab7
 .debug_macro   0x00000000      0x214 ./src/main.o
 .debug_macro   0x00000214      0x856 ./src/main.o
 .debug_macro   0x00000a6a       0x58 ./src/main.o
 .debug_macro   0x00000ac2       0x16 ./src/main.o
 .debug_macro   0x00000ad8       0x35 ./src/main.o
 .debug_macro   0x00000b0d       0xa3 ./src/main.o
 .debug_macro   0x00000bb0       0x16 ./src/main.o
 .debug_macro   0x00000bc6       0x97 ./src/main.o
 .debug_macro   0x00000c5d       0x10 ./src/main.o
 .debug_macro   0x00000c6d       0xf6 ./src/main.o
 .debug_macro   0x00000d63       0x4a ./src/main.o
 .debug_macro   0x00000dad       0x52 ./src/main.o
 .debug_macro   0x00000dff       0x16 ./src/main.o
 .debug_macro   0x00000e15       0x43 ./src/main.o
 .debug_macro   0x00000e58      0x180 ./src/main.o
 .debug_macro   0x00000fd8       0x10 ./src/main.o
 .debug_macro   0x00000fe8       0x22 ./src/main.o
 .debug_macro   0x0000100a       0xbd ./src/main.o
 .debug_macro   0x000010c7       0x16 ./src/main.o
 .debug_macro   0x000010dd      0x16c ./src/main.o
 .debug_macro   0x00001249       0x16 ./src/main.o
 .debug_macro   0x0000125f       0x35 ./src/main.o
 .debug_macro   0x00001294       0x16 ./src/main.o
 .debug_macro   0x000012aa       0x29 ./src/main.o
 .debug_macro   0x000012d3      0x20f ./src/main.o
 .debug_macro   0x000014e2       0x16 ./src/main.o
 .debug_macro   0x000014f8       0x10 ./src/main.o
 .debug_macro   0x00001508       0x41 ./src/main.o
 .debug_macro   0x00001549       0x22 ./src/main.o
 .debug_macro   0x0000156b      0x280 ./src/main.o
 .debug_macro   0x000017eb       0x10 ./src/main.o
 .debug_macro   0x000017fb       0x1f ./src/main.o
 .debug_macro   0x0000181a      0x946 ./src/main.o
 .debug_macro   0x00002160       0x67 ./src/main.o
 .debug_macro   0x000021c7      0x25e ./src/main.o
 .debug_macro   0x00002425      0xa8a ./src/main.o
 .debug_macro   0x00002eaf      0x103 ./src/main.o
 .debug_macro   0x00002fb2     0xb522 ./src/main.o
 .debug_macro   0x0000e4d4       0x54 ./src/startup_gcc.o
 .debug_macro   0x0000e528       0x44 ./src/startup_gcc.o
 .debug_macro   0x0000e56c      0x209 ./src/startup_gcc.o
 .debug_macro   0x0000e775     0x1342 ./src/startup_gcc.o

.debug_line     0x00000000      0x61f
 .debug_line    0x00000000      0x46f ./src/main.o
 .debug_line    0x0000046f      0x1b0 ./src/startup_gcc.o

.debug_str      0x00000000    0x46fb2
 .debug_str     0x00000000    0x46079 ./src/main.o
                              0x4625e (size before relaxing)
 .debug_str     0x00046079      0xf39 ./src/startup_gcc.o
                               0x827e (size before relaxing)

.comment        0x00000000       0x4a
 .comment       0x00000000       0x1f ./src/main.o
                                 0x20 (size before relaxing)
 .comment       0x00000000       0x20 ./src/startup_gcc.o
 .comment       0x0000001f       0x2b /home/user/Desktop/Lcd_DisplaY/Lcd_DisplaY/SW-TM4C-2.1.2.111/driverlib/gcc/libdriver.a(gpio.o)
                                 0x2c (size before relaxing)
 .comment       0x00000000       0x2c /home/user/Desktop/Lcd_DisplaY/Lcd_DisplaY/SW-TM4C-2.1.2.111/driverlib/gcc/libdriver.a(sysctl.o)

.ARM.attributes
                0x00000000       0x30
 .ARM.attributes
                0x00000000       0x37 ./src/main.o
 .ARM.attributes
                0x00000037       0x37 ./src/startup_gcc.o
 .ARM.attributes
                0x0000006e       0x37 /home/user/Desktop/Lcd_DisplaY/Lcd_DisplaY/SW-TM4C-2.1.2.111/driverlib/gcc/libdriver.a(gpio.o)
 .ARM.attributes
                0x000000a5       0x37 /home/user/Desktop/Lcd_DisplaY/Lcd_DisplaY/SW-TM4C-2.1.2.111/driverlib/gcc/libdriver.a(sysctl.o)

.debug_frame    0x00000000      0x1d0
 .debug_frame   0x00000000      0x158 ./src/main.o
 .debug_frame   0x00000158       0x78 ./src/startup_gcc.o
